Archive member included to satisfy reference by file (symbol)

/opt/st/stm32cubeide_2.0.0/plugins/com.st.stm32cube.ide.mcu.externaltools.gnu-tools-for-stm32.13.3.rel1.linux64_1.0.100.202509120712/tools/bin/../lib/gcc/arm-none-eabi/13.3.1/../../../../arm-none-eabi/lib/thumb/v6-m/nofp/libc_nano.a(libc_a-exit.o)
                              /opt/st/stm32cubeide_2.0.0/plugins/com.st.stm32cube.ide.mcu.externaltools.gnu-tools-for-stm32.13.3.rel1.linux64_1.0.100.202509120712/tools/bin/../lib/gcc/arm-none-eabi/13.3.1/../../../../arm-none-eabi/lib/thumb/v6-m/nofp/crt0.o (exit)
/opt/st/stm32cubeide_2.0.0/plugins/com.st.stm32cube.ide.mcu.externaltools.gnu-tools-for-stm32.13.3.rel1.linux64_1.0.100.202509120712/tools/bin/../lib/gcc/arm-none-eabi/13.3.1/../../../../arm-none-eabi/lib/thumb/v6-m/nofp/libc_nano.a(libc_a-nano-vfprintf_float.o)
                              (_printf_float)
/opt/st/stm32cubeide_2.0.0/plugins/com.st.stm32cube.ide.mcu.externaltools.gnu-tools-for-stm32.13.3.rel1.linux64_1.0.100.202509120712/tools/bin/../lib/gcc/arm-none-eabi/13.3.1/../../../../arm-none-eabi/lib/thumb/v6-m/nofp/libc_nano.a(libc_a-nano-vfprintf_i.o)
                              /opt/st/stm32cubeide_2.0.0/plugins/com.st.stm32cube.ide.mcu.externaltools.gnu-tools-for-stm32.13.3.rel1.linux64_1.0.100.202509120712/tools/bin/../lib/gcc/arm-none-eabi/13.3.1/../../../../arm-none-eabi/lib/thumb/v6-m/nofp/libc_nano.a(libc_a-nano-vfprintf_float.o) (_printf_common)
/opt/st/stm32cubeide_2.0.0/plugins/com.st.stm32cube.ide.mcu.externaltools.gnu-tools-for-stm32.13.3.rel1.linux64_1.0.100.202509120712/tools/bin/../lib/gcc/arm-none-eabi/13.3.1/../../../../arm-none-eabi/lib/thumb/v6-m/nofp/libc_nano.a(libc_a-findfp.o)
                              /opt/st/stm32cubeide_2.0.0/plugins/com.st.stm32cube.ide.mcu.externaltools.gnu-tools-for-stm32.13.3.rel1.linux64_1.0.100.202509120712/tools/bin/../lib/gcc/arm-none-eabi/13.3.1/../../../../arm-none-eabi/lib/thumb/v6-m/nofp/libc_nano.a(libc_a-exit.o) (__stdio_exit_handler)
/opt/st/stm32cubeide_2.0.0/plugins/com.st.stm32cube.ide.mcu.externaltools.gnu-tools-for-stm32.13.3.rel1.linux64_1.0.100.202509120712/tools/bin/../lib/gcc/arm-none-eabi/13.3.1/../../../../arm-none-eabi/lib/thumb/v6-m/nofp/libc_nano.a(libc_a-fwalk.o)
                              /opt/st/stm32cubeide_2.0.0/plugins/com.st.stm32cube.ide.mcu.externaltools.gnu-tools-for-stm32.13.3.rel1.linux64_1.0.100.202509120712/tools/bin/../lib/gcc/arm-none-eabi/13.3.1/../../../../arm-none-eabi/lib/thumb/v6-m/nofp/libc_nano.a(libc_a-findfp.o) (_fwalk_sglue)
/opt/st/stm32cubeide_2.0.0/plugins/com.st.stm32cube.ide.mcu.externaltools.gnu-tools-for-stm32.13.3.rel1.linux64_1.0.100.202509120712/tools/bin/../lib/gcc/arm-none-eabi/13.3.1/../../../../arm-none-eabi/lib/thumb/v6-m/nofp/libc_nano.a(libc_a-stdio.o)
                              /opt/st/stm32cubeide_2.0.0/plugins/com.st.stm32cube.ide.mcu.externaltools.gnu-tools-for-stm32.13.3.rel1.linux64_1.0.100.202509120712/tools/bin/../lib/gcc/arm-none-eabi/13.3.1/../../../../arm-none-eabi/lib/thumb/v6-m/nofp/libc_nano.a(libc_a-findfp.o) (__sread)
/opt/st/stm32cubeide_2.0.0/plugins/com.st.stm32cube.ide.mcu.externaltools.gnu-tools-for-stm32.13.3.rel1.linux64_1.0.100.202509120712/tools/bin/../lib/gcc/arm-none-eabi/13.3.1/../../../../arm-none-eabi/lib/thumb/v6-m/nofp/libc_nano.a(libc_a-memset.o)
                              /opt/st/stm32cubeide_2.0.0/plugins/com.st.stm32cube.ide.mcu.externaltools.gnu-tools-for-stm32.13.3.rel1.linux64_1.0.100.202509120712/tools/bin/../lib/gcc/arm-none-eabi/13.3.1/../../../../arm-none-eabi/lib/thumb/v6-m/nofp/crt0.o (memset)
/opt/st/stm32cubeide_2.0.0/plugins/com.st.stm32cube.ide.mcu.externaltools.gnu-tools-for-stm32.13.3.rel1.linux64_1.0.100.202509120712/tools/bin/../lib/gcc/arm-none-eabi/13.3.1/../../../../arm-none-eabi/lib/thumb/v6-m/nofp/libc_nano.a(libc_a-localeconv.o)
                              /opt/st/stm32cubeide_2.0.0/plugins/com.st.stm32cube.ide.mcu.externaltools.gnu-tools-for-stm32.13.3.rel1.linux64_1.0.100.202509120712/tools/bin/../lib/gcc/arm-none-eabi/13.3.1/../../../../arm-none-eabi/lib/thumb/v6-m/nofp/libc_nano.a(libc_a-nano-vfprintf_float.o) (_localeconv_r)
/opt/st/stm32cubeide_2.0.0/plugins/com.st.stm32cube.ide.mcu.externaltools.gnu-tools-for-stm32.13.3.rel1.linux64_1.0.100.202509120712/tools/bin/../lib/gcc/arm-none-eabi/13.3.1/../../../../arm-none-eabi/lib/thumb/v6-m/nofp/libc_nano.a(libc_a-closer.o)
                              /opt/st/stm32cubeide_2.0.0/plugins/com.st.stm32cube.ide.mcu.externaltools.gnu-tools-for-stm32.13.3.rel1.linux64_1.0.100.202509120712/tools/bin/../lib/gcc/arm-none-eabi/13.3.1/../../../../arm-none-eabi/lib/thumb/v6-m/nofp/libc_nano.a(libc_a-stdio.o) (_close_r)
/opt/st/stm32cubeide_2.0.0/plugins/com.st.stm32cube.ide.mcu.externaltools.gnu-tools-for-stm32.13.3.rel1.linux64_1.0.100.202509120712/tools/bin/../lib/gcc/arm-none-eabi/13.3.1/../../../../arm-none-eabi/lib/thumb/v6-m/nofp/libc_nano.a(libc_a-reent.o)
[...]
Memory Configuration

Name             Origin             Length             Attributes
RAM              0x20000000         0x00024000         xrw
FLASH            0x08000000         0x00080000         xr
*default*        0x00000000         0xffffffff

Linker script and memory map

LOAD /opt/st/stm32cubeide_2.0.0/plugins/com.st.stm32cube.ide.mcu.externaltools.gnu-tools-for-stm32.13.3.rel1.linux64_1.0.100.202509120712/tools/bin/../lib/gcc/arm-none-eabi/13.3.1/thumb/v6-m/nofp/crti.o
LOAD /opt/st/stm32cubeide_2.0.0/plugins/com.st.stm32cube.ide.mcu.externaltools.gnu-tools-for-stm32.13.3.rel1.linux64_1.0.100.202509120712/tools/bin/../lib/gcc/arm-none-eabi/13.3.1/thumb/v6-m/nofp/crtbegin.o
LOAD /opt/st/stm32cubeide_2.0.0/plugins/com.st.stm32cube.ide.mcu.externaltools.gnu-tools-for-stm32.13.3.rel1.linux64_1.0.100.202509120712/tools/bin/../lib/gcc/arm-none-eabi/13.3.1/../../../../arm-none-eabi/lib/thumb/v6-m/nofp/crt0.o
LOAD ./Core/Src/app_main.o
LOAD ./Core/Src/dma.o
LOAD ./Core/Src/driver_ins.o
LOAD ./Core/Src/driver_motor.o
LOAD ./Core/Src/driver_servo.o
LOAD ./Core/Src/driver_speedometer.o
LOAD ./Core/Src/gpio.o
LOAD ./Core/Src/main.o
LOAD ./Core/Src/serial.o
LOAD ./Core/Src/serial_cmd.o
LOAD ./Core/Src/spi.o
LOAD ./Core/Src/stm32g0xx_hal_msp.o
LOAD ./Core/Src/stm32g0xx_it.o
LOAD ./Core/Src/syscalls.o
LOAD ./Core/Src/sysmem.o
LOAD ./Core/Src/system_stm32g0xx.o
LOAD ./Core/Src/tim.o
LOAD ./Core/Src/usart.o
LOAD ./Core/Startup/startup_stm32g0b1retx.o
LOAD ./Drivers/Bosch/BMI088/bmi088_anymotiona.o
LOAD ./Drivers/Bosch/BMI088/bmi088_mma.o
LOAD ./Drivers/Bosch/BMI088/bmi08a.o
LOAD ./Drivers/Bosch/BMI088/bmi08g.o
LOAD ./Drivers/Bosch/BMI088/bmi08xa.o
LOAD ./Drivers/STM32G0xx_HAL_Driver/Src/stm32g0xx_hal.o
LOAD ./Drivers/STM32G0xx_HAL_Driver/Src/stm32g0xx_hal_cortex.o
LOAD ./Drivers/STM32G0xx_HAL_Driver/Src/stm32g0xx_hal_dma.o
LOAD ./Drivers/STM32G0xx_HAL_Driver/Src/stm32g0xx_hal_dma_ex.o
LOAD ./Drivers/STM32G0xx_HAL_Driver/Src/stm32g0xx_hal_exti.o
LOAD ./Drivers/STM32G0xx_HAL_Driver/Src/stm32g0xx_hal_flash.o
LOAD ./Drivers/STM32G0xx_HAL_Driver/Src/stm32g0xx_hal_flash_ex.o
LOAD ./Drivers/STM32G0xx_HAL_Driver/Src/stm32g0xx_hal_gpio.o
LOAD ./Drivers/STM32G0xx_HAL_Driver/Src/stm32g0xx_hal_pwr.o
LOAD ./Drivers/STM32G0xx_HAL_Driver/Src/stm32g0xx_hal_pwr_ex.o
LOAD ./Drivers/STM32G0xx_HAL_Driver/Src/stm32g0xx_hal_rcc.o
LOAD ./Drivers/STM32G0xx_HAL_Driver/Src/stm32g0xx_hal_rcc_ex.o
LOAD ./Drivers/STM32G0xx_HAL_Driver/Src/stm32g0xx_hal_spi.o
LOAD ./Drivers/STM32G0xx_HAL_Driver/Src/stm32g0xx_hal_spi_ex.o
LOAD ./Drivers/STM32G0xx_HAL_Driver/Src/stm32g0xx_hal_tim.o
LOAD ./Drivers/STM32G0xx_HAL_Driver/Src/stm32g0xx_hal_tim_ex.o
LOAD ./Drivers/STM32G0xx_HAL_Driver/Src/stm32g0xx_hal_uart.o
LOAD ./Drivers/STM32G0xx_HAL_Driver/Src/stm32g0xx_hal_uart_ex.o
LOAD ./Drivers/STM32G0xx_HAL_Driver/Src/stm32g0xx_ll_crs.o
LOAD ./Drivers/STM32G0xx_HAL_Driver/Src/stm32g0xx_ll_dma.o
LOAD ./Drivers/STM32G0xx_HAL_Driver/Src/stm32g0xx_ll_exti.o
LOAD ./Drivers/STM32G0xx_HAL_Driver/Src/stm32g0xx_ll_gpio.o
LOAD ./Drivers/STM32G0xx_HAL_Driver/Src/stm32g0xx_ll_rcc.o
LOAD ./Drivers/STM32G0xx_HAL_Driver/Src/stm32g0xx_ll_tim.o
LOAD ./Drivers/STM32G0xx_HAL_Driver/Src/stm32g0xx_ll_utils.o
START GROUP
LOAD /opt/st/stm32cubeide_2.0.0/plugins/com.st.stm32cube.ide.mcu.externaltools.gnu-tools-for-stm32.13.3.rel1.linux64_1.0.100.202509120712/tools/bin/../lib/gcc/arm-none-eabi/13.3.1/../../../../arm-none-eabi/lib/thumb/v6-m/nofp/libc_nano.a
LOAD /opt/st/stm32cubeide_2.0.0/plugins/com.st.stm32cube.ide.mcu.externaltools.gnu-tools-for-stm32.13.3.rel1.linux64_1.0.100.202509120712/tools/bin/../lib/gcc/arm-none-eabi/13.3.1/../../../../arm-none-eabi/lib/thumb/v6-m/nofp/libm.a
END GROUP
START GROUP
LOAD /opt/st/stm32cubeide_2.0.0/plugins/com.st.stm32cube.ide.mcu.externaltools.gnu-tools-for-stm32.13.3.rel1.linux64_1.0.100.202509120712/tools/bin/../lib/gcc/arm-none-eabi/13.3.1/thumb/v6-m/nofp/libgcc.a
LOAD /opt/st/stm32cubeide_2.0.0/plugins/com.st.stm32cube.ide.mcu.externaltools.gnu-tools-for-stm32.13.3.rel1.linux64_1.0.100.202509120712/tools/bin/../lib/gcc/arm-none-eabi/13.3.1/../../../../arm-none-eabi/lib/thumb/v6-m/nofp/libc_nano.a
END GROUP
START GROUP
LOAD /opt/st/stm32cubeide_2.0.0/plugins/com.st.stm32cube.ide.mcu.externaltools.gnu-tools-for-stm32.13.3.rel1.linux64_1.0.100.202509120712/tools/bin/../lib/gcc/arm-none-eabi/13.3.1/thumb/v6-m/nofp/libgcc.a
LOAD /opt/st/stm32cubeide_2.0.0/plugins/com.st.stm32cube.ide.mcu.externaltools.gnu-tools-for-stm32.13.3.rel1.linux64_1.0.100.202509120712/tools/bin/../lib/gcc/arm-none-eabi/13.3.1/../../../../arm-none-eabi/lib/thumb/v6-m/nofp/libc_nano.a
LOAD /opt/st/stm32cubeide_2.0.0/plugins/com.st.stm32cube.ide.mcu.externaltools.gnu-tools-for-stm32.13.3.rel1.linux64_1.0.100.202509120712/tools/bin/../lib/gcc/arm-none-eabi/13.3.1/../../../../arm-none-eabi/lib/thumb/v6-m/nofp/libnosys.a
END GROUP
START GROUP
LOAD /opt/st/stm32cubeide_2.0.0/plugins/com.st.stm32cube.ide.mcu.externaltools.gnu-tools-for-stm32.13.3.rel1.linux64_1.0.100.202509120712/tools/bin/../lib/gcc/arm-none-eabi/13.3.1/thumb/v6-m/nofp/libgcc.a
LOAD /opt/st/stm32cubeide_2.0.0/plugins/com.st.stm32cube.ide.mcu.externaltools.gnu-tools-for-stm32.13.3.rel1.linux64_1.0.100.202509120712/tools/bin/../lib/gcc/arm-none-eabi/13.3.1/../../../../arm-none-eabi/lib/thumb/v6-m/nofp/libc_nano.a
LOAD /opt/st/stm32cubeide_2.0.0/plugins/com.st.stm32cube.ide.mcu.externaltools.gnu-tools-for-stm32.13.3.rel1.linux64_1.0.100.202509120712/tools/bin/../lib/gcc/arm-none-eabi/13.3.1/../../../../arm-none-eabi/lib/thumb/v6-m/nofp/libnosys.a
END GROUP
LOAD /opt/st/stm32cubeide_2.0.0/plugins/com.st.stm32cube.ide.mcu.externaltools.gnu-tools-for-stm32.13.3.rel1.linux64_1.0.100.202509120712/tools/bin/../lib/gcc/arm-none-eabi/13.3.1/thumb/v6-m/nofp/crtend.o
LOAD /opt/st/stm32cubeide_2.0.0/plugins/com.st.stm32cube.ide.mcu.externaltools.gnu-tools-for-stm32.13.3.rel1.linux64_1.0.100.202509120712/tools/bin/../lib/gcc/arm-none-eabi/13.3.1/thumb/v6-m/nofp/crtn.o
                0x20024000                        _estack = (ORIGIN (RAM) + LENGTH (RAM))
                0x00000200                        _Min_Heap_Size = 0x200
                0x00000400                        _Min_Stack_Size = 0x400

.isr_vector     0x08000000       0xbc
                0x08000000                        . = ALIGN (0x4)
 *(.isr_vector)
 .isr_vector    0x08000000       0xbc ./Core/Startup/startup_stm32g0b1retx.o
                0x08000000                g_pfnVectors
                0x080000bc                        . = ALIGN (0x4)

.text           0x080000bc     0xec54
                0x080000bc                        . = ALIGN (0x4)
 *(.text)
 .text          0x080000bc       0x48 /opt/st/stm32cubeide_2.0.0/plugins/com.st.stm32cube.ide.mcu.externaltools.gnu-tools-for-stm32.13.3.rel1.linux64_1.0.100.202509120712/tools/bin/../lib/gcc/arm-none-eabi/13.3.1/thumb/v6-m/nofp/crtbegin.o
 .text          0x08000104        0xe /opt/st/stm32cubeide_2.0.0/plugins/com.st.stm32cube.ide.mcu.externaltools.gnu-tools-for-stm32.13.3.rel1.linux64_1.0.100.202509120712/tools/bin/../lib/gcc/arm-none-eabi/13.3.1/../../../../arm-none-eabi/lib/thumb/v6-m/nofp/libc_nano.a(libc_a-strlen.o)
                0x08000104                strlen
 *fill*         0x08000112        0x2 
 .text          0x08000114       0x14 /opt/st/stm32cubeide_2.0.0/plugins/com.st.stm32cube.ide.mcu.externaltools.gnu-tools-for-stm32.13.3.rel1.linux64_1.0.100.202509120712/tools/bin/../lib/gcc/arm-none-eabi/13.3.1/thumb/v6-m/nofp/libgcc.a(_thumb1_case_uqi.o)
                0x08000114                __gnu_thumb1_case_uqi
 .text          0x08000128       0x14 /opt/st/stm32cubeide_2.0.0/plugins/com.st.stm32cube.ide.mcu.externaltools.gnu-tools-for-stm32.13.3.rel1.linux64_1.0.100.202509120712/tools/bin/../lib/gcc/arm-none-eabi/13.3.1/thumb/v6-m/nofp/libgcc.a(_thumb1_case_shi.o)
                0x08000128                __gnu_thumb1_case_shi
 .text          0x0800013c      0x114 /opt/st/stm32cubeide_2.0.0/plugins/com.st.stm32cube.ide.mcu.externaltools.gnu-tools-for-stm32.13.3.rel1.linux64_1.0.100.202509120712/tools/bin/../lib/gcc/arm-none-eabi/13.3.1/thumb/v6-m/nofp/libgcc.a(_udivsi3.o)
                0x0800013c                __udivsi3
                0x0800013c                __aeabi_uidiv
                0x08000248                __aeabi_uidivmod
 .text          0x08000250      0x1d4 /opt/st/stm32cubeide_2.0.0/plugins/com.st.stm32cube.ide.mcu.externaltools.gnu-tools-for-stm32.13.3.rel1.linux64_1.0.100.202509120712/tools/bin/../lib/gcc/arm-none-eabi/13.3.1/thumb/v6-m/nofp/libgcc.a(_divsi3.o)
                0x08000250                __aeabi_idiv
                0x08000250                __divsi3
                0x0800041c                __aeabi_idivmod
 .text          0x08000424        0x4 /opt/st/stm32cubeide_2.0.0/plugins/com.st.stm32cube.ide.mcu.externaltools.gnu-tools-for-stm32.13.3.rel1.linux64_1.0.100.202509120712/tools/bin/../lib/gcc/arm-none-eabi/13.3.1/thumb/v6-m/nofp/libgcc.a(_dvmd_tls.o)
                0x08000424                __aeabi_ldiv0
                0x08000424                __aeabi_idiv0
 .text          0x08000428       0x7c /opt/st/stm32cubeide_2.0.0/plugins/com.st.stm32cube.ide.mcu.externaltools.gnu-tools-for-stm32.13.3.rel1.linux64_1.0.100.202509120712/tools/bin/../lib/gcc/arm-none-eabi/13.3.1/thumb/v6-m/nofp/libgcc.a(_arm_cmpdf2.o)
                0x08000428                __aeabi_cdrcmple
                0x08000438                __aeabi_cdcmple
                0x08000438                __aeabi_cdcmpeq
                0x08000448                __aeabi_dcmpeq
                0x08000454                __aeabi_dcmplt
                0x08000468                __aeabi_dcmple
                0x0800047c                __aeabi_dcmpgt
                0x08000490                __aeabi_dcmpge
 .text          0x080004a4       0x40 /opt/st/stm32cubeide_2.0.0/plugins/com.st.stm32cube.ide.mcu.externaltools.gnu-tools-for-stm32.13.3.rel1.linux64_1.0.100.202509120712/tools/bin/../lib/gcc/arm-none-eabi/13.3.1/thumb/v6-m/nofp/libgcc.a(_aeabi_uldivmod.o)
                0x080004a4                __aeabi_uldivmod
 .text          0x080004e4      0x198 /opt/st/stm32cubeide_2.0.0/plugins/com.st.stm32cube.ide.mcu.externaltools.gnu-tools-for-stm32.13.3.rel1.linux64_1.0.100.202509120712/tools/bin/../lib/gcc/arm-none-eabi/13.3.1/thumb/v6-m/nofp/libgcc.a(_udivmoddi4.o)
                0x080004e4                __udivmoddi4
 .text          0x0800067c      0x22c /opt/st/stm32cubeide_2.0.0/plugins/com.st.stm32cube.ide.mcu.externaltools.gnu-tools-for-stm32.13.3.rel1.linux64_1.0.100.202509120712/tools/bin/../lib/gcc/arm-none-eabi/13.3.1/thumb/v6-m/nofp/libgcc.a(divsf3.o)
                0x0800067c                __aeabi_fdiv
 .text          0x080008a8      0x2b4 /opt/st/stm32cubeide_2.0.0/plugins/com.st.stm32cube.ide.mcu.externaltools.gnu-tools-for-stm32.13.3.rel1.linux64_1.0.100.202509120712/tools/bin/../lib/gcc/arm-none-eabi/13.3.1/thumb/v6-m/nofp/libgcc.a(mulsf3.o)
                0x080008a8                __aeabi_fmul
 .text          0x08000b5c       0xa0 /opt/st/stm32cubeide_2.0.0/plugins/com.st.stm32cube.ide.mcu.externaltools.gnu-tools-for-stm32.13.3.rel1.linux64_1.0.100.202509120712/tools/bin/../lib/gcc/arm-none-eabi/13.3.1/thumb/v6-m/nofp/libgcc.a(floatsisf.o)
                0x08000b5c                __aeabi_i2f
 .text          0x08000bfc       0x8c /opt/st/stm32cubeide_2.0.0/plugins/com.st.stm32cube.ide.mcu.externaltools.gnu-tools-for-stm32.13.3.rel1.linux64_1.0.100.202509120712/tools/bin/../lib/gcc/arm-none-eabi/13.3.1/thumb/v6-m/nofp/libgcc.a(floatunsisf.o)
                0x08000bfc                __aeabi_ui2f
 .text          0x08000c88      0x78c /opt/st/stm32cubeide_2.0.0/plugins/com.st.stm32cube.ide.mcu.externaltools.gnu-tools-for-stm32.13.3.rel1.linux64_1.0.100.202509120712/tools/bin/../lib/gcc/arm-none-eabi/13.3.1/thumb/v6-m/nofp/libgcc.a(adddf3.o)
                0x08000c88                __aeabi_dadd
 .text          0x08001414      0x630 /opt/st/stm32cubeide_2.0.0/plugins/com.st.stm32cube.ide.mcu.externaltools.gnu-tools-for-stm32.13.3.rel1.linux64_1.0.100.202509120712/tools/bin/../lib/gcc/arm-none-eabi/13.3.1/thumb/v6-m/nofp/libgcc.a(divdf3.o)
                0x08001414                __aeabi_ddiv
 .text          0x08001a44       0x88 /opt/st/stm32cubeide_2.0.0/plugins/com.st.stm32cube.ide.mcu.externaltools.gnu-tools-for-stm32.13.3.rel1.linux64_1.0.100.202509120712/tools/bin/../lib/gcc/arm-none-eabi/13.3.1/thumb/v6-m/nofp/libgcc.a(eqdf2.o)
                0x08001a44                __eqdf2
                0x08001a44                __nedf2
 .text          0x08001acc       0xe0 /opt/st/stm32cubeide_2.0.0/plugins/com.st.stm32cube.ide.mcu.externaltools.gnu-tools-for-stm32.13.3.rel1.linux64_1.0.100.202509120712/tools/bin/../lib/gcc/arm-none-eabi/13.3.1/thumb/v6-m/nofp/libgcc.a(gedf2.o)
                0x08001acc                __gtdf2
                0x08001acc                __gedf2
 .text          0x08001bac       0xdc /opt/st/stm32cubeide_2.0.0/plugins/com.st.stm32cube.ide.mcu.externaltools.gnu-tools-for-stm32.13.3.rel1.linux64_1.0.100.202509120712/tools/bin/../lib/gcc/arm-none-eabi/13.3.1/thumb/v6-m/nofp/libgcc.a(ledf2.o)
                0x08001bac                __ltdf2
                0x08001bac                __ledf2
 .text          0x08001c88      0x5cc /opt/st/stm32cubeide_2.0.0/plugins/com.st.stm32cube.ide.mcu.externaltools.gnu-tools-for-stm32.13.3.rel1.linux64_1.0.100.202509120712/tools/bin/../lib/gcc/arm-none-eabi/13.3.1/thumb/v6-m/nofp/libgcc.a(muldf3.o)
                0x08001c88                __aeabi_dmul
 .text          0x08002254      0x814 /opt/st/stm32cubeide_2.0.0/plugins/com.st.stm32cube.ide.mcu.externaltools.gnu-tools-for-stm32.13.3.rel1.linux64_1.0.100.202509120712/tools/bin/../lib/gcc/arm-none-eabi/13.3.1/thumb/v6-m/nofp/libgcc.a(subdf3.o)
                0x08002254                __aeabi_dsub
 .text          0x08002a68       0x44 /opt/st/stm32cubeide_2.0.0/plugins/com.st.stm32cube.ide.mcu.externaltools.gnu-tools-for-stm32.13.3.rel1.linux64_1.0.100.202509120712/tools/bin/../lib/gcc/arm-none-eabi/13.3.1/thumb/v6-m/nofp/libgcc.a(unorddf2.o)
                0x08002a68                __aeabi_dcmpun
 .text          0x08002aac       0x78 /opt/st/stm32cubeide_2.0.0/plugins/com.st.stm32cube.ide.mcu.externaltools.gnu-tools-for-stm32.13.3.rel1.linux64_1.0.100.202509120712/tools/bin/../lib/gcc/arm-none-eabi/13.3.1/thumb/v6-m/nofp/libgcc.a(fixdfsi.o)
                0x08002aac                __aeabi_d2iz
 .text          0x08002b24       0x5c /opt/st/stm32cubeide_2.0.0/plugins/com.st.stm32cube.ide.mcu.externaltools.gnu-tools-for-stm32.13.3.rel1.linux64_1.0.100.202509120712/tools/bin/../lib/gcc/arm-none-eabi/13.3.1/thumb/v6-m/nofp/libgcc.a(floatsidf.o)
                0x08002b24                __aeabi_i2d
 .text          0x08002b80       0x48 /opt/st/stm32cubeide_2.0.0/plugins/com.st.stm32cube.ide.mcu.externaltools.gnu-tools-for-stm32.13.3.rel1.linux64_1.0.100.202509120712/tools/bin/../lib/gcc/arm-none-eabi/13.3.1/thumb/v6-m/nofp/libgcc.a(floatunsidf.o)
                0x08002b80                __aeabi_ui2d
 .text          0x08002bc8       0x3c /opt/st/stm32cubeide_2.0.0/plugins/com.st.stm32cube.ide.mcu.externaltools.gnu-tools-for-stm32.13.3.rel1.linux64_1.0.100.202509120712/tools/bin/../lib/gcc/arm-none-eabi/13.3.1/thumb/v6-m/nofp/libgcc.a(_clzsi2.o)
                0x08002bc8                __clzsi2
 .text          0x08002c04       0x18 /opt/st/stm32cubeide_2.0.0/plugins/com.st.stm32cube.ide.mcu.externaltools.gnu-tools-for-stm32.13.3.rel1.linux64_1.0.100.202509120712/tools/bin/../lib/gcc/arm-none-eabi/13.3.1/thumb/v6-m/nofp/libgcc.a(_clzdi2.o)
                0x08002c04                __clzdi2
 *(.text*)
 .text.LL_TIM_EnableCounter
                0x08002c1c       0x1c ./Core/Src/app_main.o
 .text.LL_TIM_GetCounter
                0x08002c38       0x14 ./Core/Src/app_main.o
 .text.LL_TIM_EnableIT_UPDATE
                0x08002c4c       0x1c ./Core/Src/app_main.o
 .text.GetMicrosTotal
                0x08002c68       0x40 ./Core/Src/app_main.o
 .text.process_incoming_commands
                0x08002ca8       0x70 ./Core/Src/app_main.o
 .text.check_failsafe_security
                0x08002d18       0x30 ./Core/Src/app_main.o
 .text.task_motor_update
                0x08002d48       0x40 ./Core/Src/app_main.o
 .text.task_telemetry_update
                0x08002d88       0x30 ./Core/Src/app_main.o
 .text.task_get_speed
                0x08002db8       0x44 ./Core/Src/app_main.o
 .text.app_config
                0x08002dfc       0xa4 ./Core/Src/app_main.o
                0x08002dfc                app_config
 .text.app_loop
                0x08002ea0       0x3a ./Core/Src/app_main.o
                0x08002ea0                app_loop
 *fill*         0x08002eda        0x2 
 .text.MX_DMA_Init
                0x08002edc       0x4c ./Core/Src/dma.o
                0x08002edc                MX_DMA_Init
 .text.bmi088_spi_read
                0x08002f28      0x250 ./Core/Src/driver_ins.o
 .text.bmi088_spi_write
                0x08003178       0x78 ./Core/Src/driver_ins.o
 .text.bmi088_delay_us
                0x080031f0       0x34 ./Core/Src/driver_ins.o
 .text.BMI088_Init
                0x08003224      0x154 ./Core/Src/driver_ins.o
                0x08003224                BMI088_Init
 .text.BMI088_Read_Accel_Raw
                0x08003378       0x30 ./Core/Src/driver_ins.o
                0x08003378                BMI088_Read_Accel_Raw
 .text.BMI088_Read_Gyro_Raw
                0x080033a8       0x30 ./Core/Src/driver_ins.o
                0x080033a8                BMI088_Read_Gyro_Raw
 .text.BMI088_Read_All
                0x080033d8      0x174 ./Core/Src/driver_ins.o
                0x080033d8                BMI088_Read_All
 .text.pwm_pulse
                0x0800354c       0x9e ./Core/Src/driver_motor.o
 .text.motor_map_percent
                0x080035ea       0x72 ./Core/Src/driver_motor.o
 .text.motor_speed_mms_to_pwm_percent
                0x0800365c       0x98 ./Core/Src/driver_motor.o
 .text.time_reached
                0x080036f4       0x1e ./Core/Src/driver_motor.o
 .text.motor_init
                0x08003712       0x52 ./Core/Src/driver_motor.o
                0x08003712                motor_init
 .text.motor_pwm_percent
                0x08003764       0x3c ./Core/Src/driver_motor.o
                0x08003764                motor_pwm_percent
 .text.motor_set_speed_mms
                0x080037a0       0x5a ./Core/Src/driver_motor.o
                0x080037a0                motor_set_speed_mms
 *fill*         0x080037fa        0x2 
 .text.motor_process_1ms
                0x080037fc      0x380 ./Core/Src/driver_motor.o
                0x080037fc                motor_process_1ms
 .text.pwm_pulse
                0x08003b7c       0x9e ./Core/Src/driver_servo.o
 .text.servo_map_percent
                0x08003c1a       0x84 ./Core/Src/driver_servo.o
 .text.servo_pwm_angle_degree
                0x08003c9e       0x7a ./Core/Src/driver_servo.o
                0x08003c9e                servo_pwm_angle_degree
 .text.servo_initialisation
                0x08003d18       0x38 ./Core/Src/driver_servo.o
                0x08003d18                servo_initialisation
 .text.speedometer_solve_speed
                0x08003d50       0xb0 ./Core/Src/driver_speedometer.o
                0x08003d50                speedometer_solve_speed
 .text.speedometer_init
                0x08003e00       0x40 ./Core/Src/driver_speedometer.o
                0x08003e00                speedometer_init
 .text.MX_GPIO_Init
                0x08003e40      0x1e8 ./Core/Src/gpio.o
                0x08003e40                MX_GPIO_Init
 .text.main     0x08004028       0x36 ./Core/Src/main.o
                0x08004028                main
 .text.SystemClock_Config
                0x0800405e       0xbc ./Core/Src/main.o
                0x0800405e                SystemClock_Config
 .text.Error_Handler
                0x0800411a        0xc ./Core/Src/main.o
                0x0800411a                Error_Handler
 *fill*         0x08004126        0x2 
 .text.ring_push
                0x08004128       0x54 ./Core/Src/serial.o
 .text.ring_count
                0x0800417c       0x20 ./Core/Src/serial.o
 .text.tx_count
                0x0800419c       0x20 ./Core/Src/serial.o
 .text.tx_space
                0x080041bc       0x18 ./Core/Src/serial.o
 .text.serial_kick_tx
                0x080041d4       0xa0 ./Core/Src/serial.o
 .text.serial_init
                0x08004274       0x38 ./Core/Src/serial.o
                0x08004274                serial_init
 .text.serial_write_all_nb
                0x080042ac       0xe4 ./Core/Src/serial.o
                0x080042ac                serial_write_all_nb
 .text._write   0x08004390       0x30 ./Core/Src/serial.o
                0x08004390                _write
 .text.serial_read
                0x080043c0       0xac ./Core/Src/serial.o
                0x080043c0                serial_read
 .text.HAL_UART_TxCpltCallback
                0x0800446c       0x50 ./Core/Src/serial.o
                0x0800446c                HAL_UART_TxCpltCallback
 .text.HAL_UARTEx_RxEventCallback
                0x080044bc      0x10c ./Core/Src/serial.o
                0x080044bc                HAL_UARTEx_RxEventCallback
 .text.serial_crc8_atm
                0x080045c8       0xac ./Core/Src/serial.o
                0x080045c8                serial_crc8_atm
 .text.proto_send_frame3
                0x08004674       0x5e ./Core/Src/serial.o
 .text.proto_send_write16
                0x080046d2       0x50 ./Core/Src/serial.o
                0x080046d2                proto_send_write16
 .text.proto_send_data16
                0x08004722       0x2e ./Core/Src/serial_cmd.o
 .text.to_u16   0x08004750       0x30 ./Core/Src/serial_cmd.o
 .text.to_i16   0x08004780       0x2e ./Core/Src/serial_cmd.o
 *fill*         0x080047ae        0x2 
 .text.read_reg16
                0x080047b0       0x48 ./Core/Src/serial_cmd.o
 .text.handle_frame
                0x080047f8      0x140 ./Core/Src/serial_cmd.o
 .text.parse_byte
                0x08004938       0xc8 ./Core/Src/serial_cmd.o
 .text.serial_cmd_reader
                0x08004a00       0x46 ./Core/Src/serial_cmd.o
                0x08004a00                serial_cmd_reader
 *fill*         0x08004a46        0x2 
 .text.serial_send_data_frame
                0x08004a48       0xc4 ./Core/Src/serial_cmd.o
                0x08004a48                serial_send_data_frame
 .text.MX_SPI1_Init
                0x08004b0c       0x7c ./Core/Src/spi.o
                0x08004b0c                MX_SPI1_Init
 .text.HAL_SPI_MspInit
                0x08004b88       0xa4 ./Core/Src/spi.o
                0x08004b88                HAL_SPI_MspInit
 .text.HAL_MspInit
                0x08004c2c       0x50 ./Core/Src/stm32g0xx_hal_msp.o
                0x08004c2c                HAL_MspInit
 .text.LL_TIM_ClearFlag_UPDATE
                0x08004c7c       0x18 ./Core/Src/stm32g0xx_it.o
 .text.LL_TIM_IsActiveFlag_UPDATE
                0x08004c94       0x22 ./Core/Src/stm32g0xx_it.o
 .text.NMI_Handler
                0x08004cb6        0x8 ./Core/Src/stm32g0xx_it.o
                0x08004cb6                NMI_Handler
 .text.HardFault_Handler
                0x08004cbe        0x8 ./Core/Src/stm32g0xx_it.o
                0x08004cbe                HardFault_Handler
 .text.SVC_Handler
                0x08004cc6        0xa ./Core/Src/stm32g0xx_it.o
                0x08004cc6                SVC_Handler
 .text.PendSV_Handler
                0x08004cd0        0xa ./Core/Src/stm32g0xx_it.o
                0x08004cd0                PendSV_Handler
 .text.SysTick_Handler
                0x08004cda        0xe ./Core/Src/stm32g0xx_it.o
                0x08004cda                SysTick_Handler
 .text.DMA1_Channel1_IRQHandler
                0x08004ce8       0x18 ./Core/Src/stm32g0xx_it.o
                0x08004ce8                DMA1_Channel1_IRQHandler
 .text.DMA1_Channel2_3_IRQHandler
                0x08004d00       0x18 ./Core/Src/stm32g0xx_it.o
                0x08004d00                DMA1_Channel2_3_IRQHandler
 .text.TIM3_TIM4_IRQHandler
                0x08004d18       0x3c ./Core/Src/stm32g0xx_it.o
                0x08004d18                TIM3_TIM4_IRQHandler
 .text.SPI1_IRQHandler
                0x08004d54       0x18 ./Core/Src/stm32g0xx_it.o
                0x08004d54                SPI1_IRQHandler
 .text.USART2_LPUART2_IRQHandler
                0x08004d6c       0x18 ./Core/Src/stm32g0xx_it.o
                0x08004d6c                USART2_LPUART2_IRQHandler
 .text._getpid  0x08004d84        0xc ./Core/Src/syscalls.o
                0x08004d84                _getpid
 .text._kill    0x08004d90       0x20 ./Core/Src/syscalls.o
                0x08004d90                _kill
 .text._exit    0x08004db0       0x1a ./Core/Src/syscalls.o
                0x08004db0                _exit
 .text._read    0x08004dca       0x3a ./Core/Src/syscalls.o
                0x08004dca                _read
 .text._close   0x08004e04       0x14 ./Core/Src/syscalls.o
                0x08004e04                _close
 .text._fstat   0x08004e18       0x1c ./Core/Src/syscalls.o
                0x08004e18                _fstat
 .text._isatty  0x08004e34       0x12 ./Core/Src/syscalls.o
                0x08004e34                _isatty
 .text._lseek   0x08004e46       0x16 ./Core/Src/syscalls.o
                0x08004e46                _lseek
 .text._sbrk    0x08004e5c       0x6c ./Core/Src/sysmem.o
                0x08004e5c                _sbrk
 .text.SystemInit
                0x08004ec8        0xa ./Core/Src/system_stm32g0xx.o
                0x08004ec8                SystemInit
 *fill*         0x08004ed2        0x2 
 .text.__NVIC_EnableIRQ
                0x08004ed4       0x34 ./Core/Src/tim.o
 .text.__NVIC_SetPriority
                0x08004f08       0xdc ./Core/Src/tim.o
 .text.LL_TIM_DisableARRPreload
                0x08004fe4       0x1e ./Core/Src/tim.o
 *fill*         0x08005002        0x2 
 .text.LL_TIM_SetClockSource
                0x08005004       0x28 ./Core/Src/tim.o
 .text.LL_TIM_SetTriggerOutput
                0x0800502c       0x24 ./Core/Src/tim.o
 .text.LL_TIM_DisableMasterSlaveMode
                0x08005050       0x1e ./Core/Src/tim.o
 *fill*         0x0800506e        0x2 
 .text.LL_APB1_GRP1_EnableClock
                0x08005070       0x2c ./Core/Src/tim.o
 .text.MX_TIM1_Init
                0x0800509c      0x19c ./Core/Src/tim.o
                0x0800509c                MX_TIM1_Init
 .text.MX_TIM2_Init
                0x08005238      0x100 ./Core/Src/tim.o
                0x08005238                MX_TIM2_Init
 .text.MX_TIM3_Init
                0x08005338       0x80 ./Core/Src/tim.o
                0x08005338                MX_TIM3_Init
 .text.MX_TIM4_Init
                0x080053b8       0xbc ./Core/Src/tim.o
                0x080053b8                MX_TIM4_Init
 .text.HAL_TIM_Base_MspInit
                0x08005474      0x124 ./Core/Src/tim.o
                0x08005474                HAL_TIM_Base_MspInit
 .text.HAL_TIM_MspPostInit
                0x08005598       0xd0 ./Core/Src/tim.o
                0x08005598                HAL_TIM_MspPostInit
 .text.MX_USART2_UART_Init
                0x08005668       0x9c ./Core/Src/usart.o
                0x08005668                MX_USART2_UART_Init
 .text.HAL_UART_MspInit
                0x08005704      0x18c ./Core/Src/usart.o
                0x08005704                HAL_UART_MspInit
 .text.Reset_Handler
                0x08005890       0x50 ./Core/Startup/startup_stm32g0b1retx.o
                0x08005890                Reset_Handler
 .text.Default_Handler
                0x080058e0        0x2 ./Core/Startup/startup_stm32g0b1retx.o
                0x080058e0                I2C2_3_IRQHandler
                0x080058e0                USART3_4_5_6_LPUART1_IRQHandler
                0x080058e0                TIM1_CC_IRQHandler
                0x080058e0                ADC1_COMP_IRQHandler
                0x080058e0                I2C1_IRQHandler
                0x080058e0                TIM7_LPTIM2_IRQHandler
                0x080058e0                TIM17_FDCAN_IT1_IRQHandler
                0x080058e0                DMA1_Ch4_7_DMA2_Ch1_5_DMAMUX1_OVR_IRQHandler
                0x080058e0                RCC_CRS_IRQHandler
                0x080058e0                RTC_TAMP_IRQHandler
                0x080058e0                USB_UCPD1_2_IRQHandler
                0x080058e0                EXTI2_3_IRQHandler
                0x080058e0                PVD_VDDIO2_IRQHandler
                0x080058e0                EXTI4_15_IRQHandler
                0x080058e0                Default_Handler
                0x080058e0                CEC_IRQHandler
                0x080058e0                TIM14_IRQHandler
                0x080058e0                TIM15_IRQHandler
                0x080058e0                EXTI0_1_IRQHandler
                0x080058e0                SPI2_3_IRQHandler
                0x080058e0                TIM6_DAC_LPTIM1_IRQHandler
                0x080058e0                WWDG_IRQHandler
                0x080058e0                TIM2_IRQHandler
                0x080058e0                FLASH_IRQHandler
                0x080058e0                USART1_IRQHandler
                0x080058e0                TIM16_FDCAN_IT0_IRQHandler
                0x080058e0                TIM1_BRK_UP_TRG_COM_IRQHandler
 .text.bmi08a_init
                0x080058e2       0xa4 ./Drivers/Bosch/BMI088/bmi08a.o
                0x080058e2                bmi08a_init
 .text.bmi08a_get_set_regs
                0x08005986       0xe6 ./Drivers/Bosch/BMI088/bmi08a.o
                0x08005986                bmi08a_get_set_regs
 .text.bmi08a_set_meas_conf
                0x08005a6c      0x14c ./Drivers/Bosch/BMI088/bmi08a.o
                0x08005a6c                bmi08a_set_meas_conf
 .text.bmi08a_set_power_mode
                0x08005bb8       0xf0 ./Drivers/Bosch/BMI088/bmi08a.o
                0x08005bb8                bmi08a_set_power_mode
 .text.bmi08a_get_data
                0x08005ca8      0x10c ./Drivers/Bosch/BMI088/bmi08a.o
                0x08005ca8                bmi08a_get_data
 .text.dev_null_ptr_check
                0x08005db4       0x46 ./Drivers/Bosch/BMI088/bmi08a.o
 .text.generic_null_ptr_check
                0x08005dfa       0x2c ./Drivers/Bosch/BMI088/bmi08a.o
 .text.set_get_regs
                0x08005e26      0x110 ./Drivers/Bosch/BMI088/bmi08a.o
 .text.bmi08g_init
                0x08005f36       0x76 ./Drivers/Bosch/BMI088/bmi08g.o
                0x08005f36                bmi08g_init
 .text.bmi08g_get_regs
                0x08005fac       0x76 ./Drivers/Bosch/BMI088/bmi08g.o
                0x08005fac                bmi08g_get_regs
 .text.bmi08g_set_regs
                0x08006022       0xb8 ./Drivers/Bosch/BMI088/bmi08g.o
                0x08006022                bmi08g_set_regs
 *fill*         0x080060da        0x2 
 .text.bmi08g_set_meas_conf
                0x080060dc      0x178 ./Drivers/Bosch/BMI088/bmi08g.o
                0x080060dc                bmi08g_set_meas_conf
 .text.bmi08g_set_power_mode
                0x08006254       0xdc ./Drivers/Bosch/BMI088/bmi08g.o
                0x08006254                bmi08g_set_power_mode
 .text.bmi08g_get_data
                0x08006330      0x100 ./Drivers/Bosch/BMI088/bmi08g.o
                0x08006330                bmi08g_get_data
 .text.null_ptr_check
                0x08006430       0x48 ./Drivers/Bosch/BMI088/bmi08g.o
 .text.get_regs
                0x08006478       0x74 ./Drivers/Bosch/BMI088/bmi08g.o
 .text.set_regs
                0x080064ec       0xee ./Drivers/Bosch/BMI088/bmi08g.o
 *fill*         0x080065da        0x2 
 .text.HAL_Init
                0x080065dc       0x40 ./Drivers/STM32G0xx_HAL_Driver/Src/stm32g0xx_hal.o
                0x080065dc                HAL_Init
 .text.HAL_InitTick
                0x0800661c       0x94 ./Drivers/STM32G0xx_HAL_Driver/Src/stm32g0xx_hal.o
                0x0800661c                HAL_InitTick
 .text.HAL_IncTick
                0x080066b0       0x24 ./Drivers/STM32G0xx_HAL_Driver/Src/stm32g0xx_hal.o
                0x080066b0                HAL_IncTick
 .text.HAL_GetTick
                0x080066d4       0x14 ./Drivers/STM32G0xx_HAL_Driver/Src/stm32g0xx_hal.o
                0x080066d4                HAL_GetTick
 .text.HAL_Delay
                0x080066e8       0x48 ./Drivers/STM32G0xx_HAL_Driver/Src/stm32g0xx_hal.o
                0x080066e8                HAL_Delay
 .text.HAL_SYSCFG_StrobeDBattpinsConfig
                0x08006730       0x2c ./Drivers/STM32G0xx_HAL_Driver/Src/stm32g0xx_hal.o
                0x08006730                HAL_SYSCFG_StrobeDBattpinsConfig
 .text.__NVIC_EnableIRQ
                0x0800675c       0x34 ./Drivers/STM32G0xx_HAL_Driver/Src/stm32g0xx_hal_cortex.o
 .text.__NVIC_SetPriority
                0x08006790       0xdc ./Drivers/STM32G0xx_HAL_Driver/Src/stm32g0xx_hal_cortex.o
 .text.SysTick_Config
                0x0800686c       0x48 ./Drivers/STM32G0xx_HAL_Driver/Src/stm32g0xx_hal_cortex.o
 .text.HAL_NVIC_SetPriority
                0x080068b4       0x2a ./Drivers/STM32G0xx_HAL_Driver/Src/stm32g0xx_hal_cortex.o
                0x080068b4                HAL_NVIC_SetPriority
 .text.HAL_NVIC_EnableIRQ
                0x080068de       0x20 ./Drivers/STM32G0xx_HAL_Driver/Src/stm32g0xx_hal_cortex.o
                0x080068de                HAL_NVIC_EnableIRQ
 .text.HAL_SYSTICK_Config
                0x080068fe       0x1a ./Drivers/STM32G0xx_HAL_Driver/Src/stm32g0xx_hal_cortex.o
                0x080068fe                HAL_SYSTICK_Config
 .text.HAL_DMA_Init
                0x08006918      0x158 ./Drivers/STM32G0xx_HAL_Driver/Src/stm32g0xx_hal_dma.o
                0x08006918                HAL_DMA_Init
 .text.HAL_DMA_Start_IT
                0x08006a70      0x10c ./Drivers/STM32G0xx_HAL_Driver/Src/stm32g0xx_hal_dma.o
                0x08006a70                HAL_DMA_Start_IT
 .text.HAL_DMA_Abort
                0x08006b7c       0xc0 ./Drivers/STM32G0xx_HAL_Driver/Src/stm32g0xx_hal_dma.o
                0x08006b7c                HAL_DMA_Abort
 .text.HAL_DMA_Abort_IT
                0x08006c3c       0xd0 ./Drivers/STM32G0xx_HAL_Driver/Src/stm32g0xx_hal_dma.o
                0x08006c3c                HAL_DMA_Abort_IT
 .text.HAL_DMA_IRQHandler
                0x08006d0c      0x188 ./Drivers/STM32G0xx_HAL_Driver/Src/stm32g0xx_hal_dma.o
                0x08006d0c                HAL_DMA_IRQHandler
 .text.DMA_SetConfig
                0x08006e94       0x78 ./Drivers/STM32G0xx_HAL_Driver/Src/stm32g0xx_hal_dma.o
 .text.DMA_CalcDMAMUXChannelBaseAndMask
                0x08006f0c       0x94 ./Drivers/STM32G0xx_HAL_Driver/Src/stm32g0xx_hal_dma.o
 .text.DMA_CalcDMAMUXRequestGenBaseAndMask
                0x08006fa0       0x48 ./Drivers/STM32G0xx_HAL_Driver/Src/stm32g0xx_hal_dma.o
 .text.HAL_GPIO_Init
                0x08006fe8      0x2d8 ./Drivers/STM32G0xx_HAL_Driver/Src/stm32g0xx_hal_gpio.o
                0x08006fe8                HAL_GPIO_Init
 .text.HAL_GPIO_WritePin
                0x080072c0       0x3a ./Drivers/STM32G0xx_HAL_Driver/Src/stm32g0xx_hal_gpio.o
                0x080072c0                HAL_GPIO_WritePin
 *fill*         0x080072fa        0x2 
 .text.HAL_PWREx_ControlVoltageScaling
                0x080072fc       0x80 ./Drivers/STM32G0xx_HAL_Driver/Src/stm32g0xx_hal_pwr_ex.o
                0x080072fc                HAL_PWREx_ControlVoltageScaling
 .text.LL_RCC_GetAPB1Prescaler
                0x0800737c       0x18 ./Drivers/STM32G0xx_HAL_Driver/Src/stm32g0xx_hal_rcc.o
 .text.HAL_RCC_OscConfig
                0x08007394      0x6c0 ./Drivers/STM32G0xx_HAL_Driver/Src/stm32g0xx_hal_rcc.o
                0x08007394                HAL_RCC_OscConfig
 .text.HAL_RCC_ClockConfig
                0x08007a54      0x210 ./Drivers/STM32G0xx_HAL_Driver/Src/stm32g0xx_hal_rcc.o
                0x08007a54                HAL_RCC_ClockConfig
 .text.HAL_RCC_GetSysClockFreq
                0x08007c64      0x104 ./Drivers/STM32G0xx_HAL_Driver/Src/stm32g0xx_hal_rcc.o
                0x08007c64                HAL_RCC_GetSysClockFreq
 .text.HAL_RCC_GetHCLKFreq
                0x08007d68       0x14 ./Drivers/STM32G0xx_HAL_Driver/Src/stm32g0xx_hal_rcc.o
                0x08007d68                HAL_RCC_GetHCLKFreq
 .text.HAL_RCC_GetPCLK1Freq
                0x08007d7c       0x2c ./Drivers/STM32G0xx_HAL_Driver/Src/stm32g0xx_hal_rcc.o
                0x08007d7c                HAL_RCC_GetPCLK1Freq
 .text.HAL_RCCEx_PeriphCLKConfig
                0x08007da8      0x478 ./Drivers/STM32G0xx_HAL_Driver/Src/stm32g0xx_hal_rcc_ex.o
                0x08007da8                HAL_RCCEx_PeriphCLKConfig
 .text.HAL_SPI_Init
                0x08008220      0x170 ./Drivers/STM32G0xx_HAL_Driver/Src/stm32g0xx_hal_spi.o
                0x08008220                HAL_SPI_Init
 .text.HAL_SPI_Transmit
                0x08008390      0x2be ./Drivers/STM32G0xx_HAL_Driver/Src/stm32g0xx_hal_spi.o
                0x08008390                HAL_SPI_Transmit
 *fill*         0x0800864e        0x2 
 .text.HAL_SPI_TransmitReceive
                0x08008650      0x3c4 ./Drivers/STM32G0xx_HAL_Driver/Src/stm32g0xx_hal_spi.o
                0x08008650                HAL_SPI_TransmitReceive
 .text.HAL_SPI_IRQHandler
                0x08008a14      0x1fc ./Drivers/STM32G0xx_HAL_Driver/Src/stm32g0xx_hal_spi.o
                0x08008a14                HAL_SPI_IRQHandler
 .text.HAL_SPI_ErrorCallback
                0x08008c10       0x10 ./Drivers/STM32G0xx_HAL_Driver/Src/stm32g0xx_hal_spi.o
                0x08008c10                HAL_SPI_ErrorCallback
 .text.SPI_DMAAbortOnError
                0x08008c20       0x2c ./Drivers/STM32G0xx_HAL_Driver/Src/stm32g0xx_hal_spi.o
 .text.SPI_WaitFlagStateUntilTimeout
                0x08008c4c      0x11c ./Drivers/STM32G0xx_HAL_Driver/Src/stm32g0xx_hal_spi.o
 .text.SPI_WaitFifoStateUntilTimeout
                0x08008d68      0x144 ./Drivers/STM32G0xx_HAL_Driver/Src/stm32g0xx_hal_spi.o
 .text.SPI_EndRxTxTransaction
                0x08008eac       0x8c ./Drivers/STM32G0xx_HAL_Driver/Src/stm32g0xx_hal_spi.o
 .text.HAL_TIM_Base_Init
                0x08008f38       0xb0 ./Drivers/STM32G0xx_HAL_Driver/Src/stm32g0xx_hal_tim.o
                0x08008f38                HAL_TIM_Base_Init
 .text.HAL_TIM_Base_Start
                0x08008fe8       0xb4 ./Drivers/STM32G0xx_HAL_Driver/Src/stm32g0xx_hal_tim.o
                0x08008fe8                HAL_TIM_Base_Start
 .text.HAL_TIM_PWM_Init
                0x0800909c       0xb0 ./Drivers/STM32G0xx_HAL_Driver/Src/stm32g0xx_hal_tim.o
                0x0800909c                HAL_TIM_PWM_Init
 .text.HAL_TIM_PWM_MspInit
                0x0800914c       0x10 ./Drivers/STM32G0xx_HAL_Driver/Src/stm32g0xx_hal_tim.o
                0x0800914c                HAL_TIM_PWM_MspInit
 .text.HAL_TIM_PWM_Start
                0x0800915c      0x1e0 ./Drivers/STM32G0xx_HAL_Driver/Src/stm32g0xx_hal_tim.o
                0x0800915c                HAL_TIM_PWM_Start
 .text.HAL_TIM_IRQHandler
                0x0800933c      0x210 ./Drivers/STM32G0xx_HAL_Driver/Src/stm32g0xx_hal_tim.o
                0x0800933c                HAL_TIM_IRQHandler
 .text.HAL_TIM_PWM_ConfigChannel
                0x0800954c      0x200 ./Drivers/STM32G0xx_HAL_Driver/Src/stm32g0xx_hal_tim.o
                0x0800954c                HAL_TIM_PWM_ConfigChannel
 .text.HAL_TIM_ConfigClockSource
                0x0800974c      0x1ac ./Drivers/STM32G0xx_HAL_Driver/Src/stm32g0xx_hal_tim.o
                0x0800974c                HAL_TIM_ConfigClockSource
 .text.HAL_TIM_SlaveConfigSynchro
                0x080098f8       0x8c ./Drivers/STM32G0xx_HAL_Driver/Src/stm32g0xx_hal_tim.o
                0x080098f8                HAL_TIM_SlaveConfigSynchro
 .text.HAL_TIM_PeriodElapsedCallback
                0x08009984       0x10 ./Drivers/STM32G0xx_HAL_Driver/Src/stm32g0xx_hal_tim.o
                0x08009984                HAL_TIM_PeriodElapsedCallback
 .text.HAL_TIM_OC_DelayElapsedCallback
                0x08009994       0x10 ./Drivers/STM32G0xx_HAL_Driver/Src/stm32g0xx_hal_tim.o
                0x08009994                HAL_TIM_OC_DelayElapsedCallback
 .text.HAL_TIM_IC_CaptureCallback
                0x080099a4       0x10 ./Drivers/STM32G0xx_HAL_Driver/Src/stm32g0xx_hal_tim.o
                0x080099a4                HAL_TIM_IC_CaptureCallback
 .text.HAL_TIM_PWM_PulseFinishedCallback
                0x080099b4       0x10 ./Drivers/STM32G0xx_HAL_Driver/Src/stm32g0xx_hal_tim.o
                0x080099b4                HAL_TIM_PWM_PulseFinishedCallback
 .text.HAL_TIM_TriggerCallback
                0x080099c4       0x10 ./Drivers/STM32G0xx_HAL_Driver/Src/stm32g0xx_hal_tim.o
                0x080099c4                HAL_TIM_TriggerCallback
 .text.TIM_Base_SetConfig
                0x080099d4      0x130 ./Drivers/STM32G0xx_HAL_Driver/Src/stm32g0xx_hal_tim.o
                0x080099d4                TIM_Base_SetConfig
 .text.TIM_OC1_SetConfig
                0x08009b04      0x114 ./Drivers/STM32G0xx_HAL_Driver/Src/stm32g0xx_hal_tim.o
 .text.TIM_OC2_SetConfig
                0x08009c18      0x108 ./Drivers/STM32G0xx_HAL_Driver/Src/stm32g0xx_hal_tim.o
                0x08009c18                TIM_OC2_SetConfig
 .text.TIM_OC3_SetConfig
                0x08009d20      0x110 ./Drivers/STM32G0xx_HAL_Driver/Src/stm32g0xx_hal_tim.o
 .text.TIM_OC4_SetConfig
                0x08009e30       0xd4 ./Drivers/STM32G0xx_HAL_Driver/Src/stm32g0xx_hal_tim.o
 .text.TIM_OC5_SetConfig
                0x08009f04       0xc0 ./Drivers/STM32G0xx_HAL_Driver/Src/stm32g0xx_hal_tim.o
 .text.TIM_OC6_SetConfig
                0x08009fc4       0xc8 ./Drivers/STM32G0xx_HAL_Driver/Src/stm32g0xx_hal_tim.o
 .text.TIM_SlaveTimer_SetConfig
                0x0800a08c      0x12c ./Drivers/STM32G0xx_HAL_Driver/Src/stm32g0xx_hal_tim.o
 .text.TIM_TI1_ConfigInputStage
                0x0800a1b8       0x5c ./Drivers/STM32G0xx_HAL_Driver/Src/stm32g0xx_hal_tim.o
 .text.TIM_TI2_ConfigInputStage
                0x0800a214       0x64 ./Drivers/STM32G0xx_HAL_Driver/Src/stm32g0xx_hal_tim.o
 .text.TIM_ITRx_SetConfig
                0x0800a278       0x38 ./Drivers/STM32G0xx_HAL_Driver/Src/stm32g0xx_hal_tim.o
 .text.TIM_ETR_SetConfig
                0x0800a2b0       0x40 ./Drivers/STM32G0xx_HAL_Driver/Src/stm32g0xx_hal_tim.o
                0x0800a2b0                TIM_ETR_SetConfig
 .text.TIM_CCxChannelCmd
                0x0800a2f0       0x46 ./Drivers/STM32G0xx_HAL_Driver/Src/stm32g0xx_hal_tim.o
                0x0800a2f0                TIM_CCxChannelCmd
 *fill*         0x0800a336        0x2 
 .text.HAL_TIMEx_MasterConfigSynchronization
                0x0800a338       0xec ./Drivers/STM32G0xx_HAL_Driver/Src/stm32g0xx_hal_tim_ex.o
                0x0800a338                HAL_TIMEx_MasterConfigSynchronization
 .text.HAL_TIMEx_ConfigBreakDeadTime
                0x0800a424      0x138 ./Drivers/STM32G0xx_HAL_Driver/Src/stm32g0xx_hal_tim_ex.o
                0x0800a424                HAL_TIMEx_ConfigBreakDeadTime
 .text.HAL_TIMEx_CommutCallback
                0x0800a55c       0x10 ./Drivers/STM32G0xx_HAL_Driver/Src/stm32g0xx_hal_tim_ex.o
                0x0800a55c                HAL_TIMEx_CommutCallback
 .text.HAL_TIMEx_BreakCallback
                0x0800a56c       0x10 ./Drivers/STM32G0xx_HAL_Driver/Src/stm32g0xx_hal_tim_ex.o
                0x0800a56c                HAL_TIMEx_BreakCallback
 .text.HAL_TIMEx_Break2Callback
                0x0800a57c       0x10 ./Drivers/STM32G0xx_HAL_Driver/Src/stm32g0xx_hal_tim_ex.o
                0x0800a57c                HAL_TIMEx_Break2Callback
 .text.HAL_UART_Init
                0x0800a58c       0xac ./Drivers/STM32G0xx_HAL_Driver/Src/stm32g0xx_hal_uart.o
                0x0800a58c                HAL_UART_Init
 .text.HAL_UART_Transmit_DMA
                0x0800a638      0x124 ./Drivers/STM32G0xx_HAL_Driver/Src/stm32g0xx_hal_uart.o
                0x0800a638                HAL_UART_Transmit_DMA
 .text.HAL_UART_IRQHandler
                0x0800a75c      0x64c ./Drivers/STM32G0xx_HAL_Driver/Src/stm32g0xx_hal_uart.o
                0x0800a75c                HAL_UART_IRQHandler
 .text.HAL_UART_TxHalfCpltCallback
                0x0800ada8       0x10 ./Drivers/STM32G0xx_HAL_Driver/Src/stm32g0xx_hal_uart.o
                0x0800ada8                HAL_UART_TxHalfCpltCallback
 .text.HAL_UART_RxCpltCallback
                0x0800adb8       0x10 ./Drivers/STM32G0xx_HAL_Driver/Src/stm32g0xx_hal_uart.o
                0x0800adb8                HAL_UART_RxCpltCallback
 .text.HAL_UART_RxHalfCpltCallback
                0x0800adc8       0x10 ./Drivers/STM32G0xx_HAL_Driver/Src/stm32g0xx_hal_uart.o
                0x0800adc8                HAL_UART_RxHalfCpltCallback
 .text.HAL_UART_ErrorCallback
                0x0800add8       0x10 ./Drivers/STM32G0xx_HAL_Driver/Src/stm32g0xx_hal_uart.o
                0x0800add8                HAL_UART_ErrorCallback
 .text.UART_SetConfig
                0x0800ade8      0x6ac ./Drivers/STM32G0xx_HAL_Driver/Src/stm32g0xx_hal_uart.o
                0x0800ade8                UART_SetConfig
 .text.UART_AdvFeatureConfig
                0x0800b494      0x168 ./Drivers/STM32G0xx_HAL_Driver/Src/stm32g0xx_hal_uart.o
                0x0800b494                UART_AdvFeatureConfig
 .text.UART_CheckIdleState
                0x0800b5fc      0x154 ./Drivers/STM32G0xx_HAL_Driver/Src/stm32g0xx_hal_uart.o
                0x0800b5fc                UART_CheckIdleState
 .text.UART_WaitOnFlagUntilTimeout
                0x0800b750       0xde ./Drivers/STM32G0xx_HAL_Driver/Src/stm32g0xx_hal_uart.o
                0x0800b750                UART_WaitOnFlagUntilTimeout
 *fill*         0x0800b82e        0x2 
 .text.UART_Start_Receive_DMA
                0x0800b830      0x14c ./Drivers/STM32G0xx_HAL_Driver/Src/stm32g0xx_hal_uart.o
                0x0800b830                UART_Start_Receive_DMA
 .text.UART_EndTxTransfer
                0x0800b97c       0x80 ./Drivers/STM32G0xx_HAL_Driver/Src/stm32g0xx_hal_uart.o
 .text.UART_EndRxTransfer
                0x0800b9fc       0xcc ./Drivers/STM32G0xx_HAL_Driver/Src/stm32g0xx_hal_uart.o
 .text.UART_DMATransmitCplt
                0x0800bac8       0x98 ./Drivers/STM32G0xx_HAL_Driver/Src/stm32g0xx_hal_uart.o
 .text.UART_DMATxHalfCplt
                0x0800bb60       0x1e ./Drivers/STM32G0xx_HAL_Driver/Src/stm32g0xx_hal_uart.o
 *fill*         0x0800bb7e        0x2 
 .text.UART_DMAReceiveCplt
                0x0800bb80      0x130 ./Drivers/STM32G0xx_HAL_Driver/Src/stm32g0xx_hal_uart.o
 .text.UART_DMARxHalfCplt
                0x0800bcb0       0x42 ./Drivers/STM32G0xx_HAL_Driver/Src/stm32g0xx_hal_uart.o
 .text.UART_DMAError
                0x0800bcf2       0x86 ./Drivers/STM32G0xx_HAL_Driver/Src/stm32g0xx_hal_uart.o
 .text.UART_DMAAbortOnError
                0x0800bd78       0x2e ./Drivers/STM32G0xx_HAL_Driver/Src/stm32g0xx_hal_uart.o
 .text.UART_EndTransmit_IT
                0x0800bda6       0x58 ./Drivers/STM32G0xx_HAL_Driver/Src/stm32g0xx_hal_uart.o
 .text.HAL_UARTEx_WakeupCallback
                0x0800bdfe       0x10 ./Drivers/STM32G0xx_HAL_Driver/Src/stm32g0xx_hal_uart_ex.o
                0x0800bdfe                HAL_UARTEx_WakeupCallback
 .text.HAL_UARTEx_RxFifoFullCallback
                0x0800be0e       0x10 ./Drivers/STM32G0xx_HAL_Driver/Src/stm32g0xx_hal_uart_ex.o
                0x0800be0e                HAL_UARTEx_RxFifoFullCallback
 .text.HAL_UARTEx_TxFifoEmptyCallback
                0x0800be1e       0x10 ./Drivers/STM32G0xx_HAL_Driver/Src/stm32g0xx_hal_uart_ex.o
                0x0800be1e                HAL_UARTEx_TxFifoEmptyCallback
 *fill*         0x0800be2e        0x2 
 .text.HAL_UARTEx_DisableFifoMode
                0x0800be30       0x74 ./Drivers/STM32G0xx_HAL_Driver/Src/stm32g0xx_hal_uart_ex.o
                0x0800be30                HAL_UARTEx_DisableFifoMode
 .text.HAL_UARTEx_SetTxFifoThreshold
                0x0800bea4       0x7e ./Drivers/STM32G0xx_HAL_Driver/Src/stm32g0xx_hal_uart_ex.o
                0x0800bea4                HAL_UARTEx_SetTxFifoThreshold
 *fill*         0x0800bf22        0x2 
 .text.HAL_UARTEx_SetRxFifoThreshold
                0x0800bf24       0x84 ./Drivers/STM32G0xx_HAL_Driver/Src/stm32g0xx_hal_uart_ex.o
                0x0800bf24                HAL_UARTEx_SetRxFifoThreshold
 .text.HAL_UARTEx_ReceiveToIdle_DMA
                0x0800bfa8       0xd0 ./Drivers/STM32G0xx_HAL_Driver/Src/stm32g0xx_hal_uart_ex.o
                0x0800bfa8                HAL_UARTEx_ReceiveToIdle_DMA
 .text.UARTEx_SetNbDataToProcess
                0x0800c078       0xbc ./Drivers/STM32G0xx_HAL_Driver/Src/stm32g0xx_hal_uart_ex.o
 .text.LL_TIM_SetPrescaler
                0x0800c134       0x18 ./Drivers/STM32G0xx_HAL_Driver/Src/stm32g0xx_ll_tim.o
 .text.LL_TIM_SetAutoReload
                0x0800c14c       0x18 ./Drivers/STM32G0xx_HAL_Driver/Src/stm32g0xx_ll_tim.o
 .text.LL_TIM_SetRepetitionCounter
                0x0800c164       0x18 ./Drivers/STM32G0xx_HAL_Driver/Src/stm32g0xx_ll_tim.o
 .text.LL_TIM_GenerateEvent_UPDATE
                0x0800c17c       0x1c ./Drivers/STM32G0xx_HAL_Driver/Src/stm32g0xx_ll_tim.o
 .text.LL_TIM_Init
                0x0800c198      0x118 ./Drivers/STM32G0xx_HAL_Driver/Src/stm32g0xx_ll_tim.o
                0x0800c198                LL_TIM_Init
 .text.__cvt    0x0800c2b0       0xcc /opt/st/stm32cubeide_2.0.0/plugins/com.st.stm32cube.ide.mcu.externaltools.gnu-tools-for-stm32.13.3.rel1.linux64_1.0.100.202509120712/tools/bin/../lib/gcc/arm-none-eabi/13.3.1/../../../../arm-none-eabi/lib/thumb/v6-m/nofp/libc_nano.a(libc_a-nano-vfprintf_float.o)
                0x0800c2b0                __cvt
 .text.__exponent
                0x0800c37c       0x7e /opt/st/stm32cubeide_2.0.0/plugins/com.st.stm32cube.ide.mcu.externaltools.gnu-tools-for-stm32.13.3.rel1.linux64_1.0.100.202509120712/tools/bin/../lib/gcc/arm-none-eabi/13.3.1/../../../../arm-none-eabi/lib/thumb/v6-m/nofp/libc_nano.a(libc_a-nano-vfprintf_float.o)
                0x0800c37c                __exponent
 *fill*         0x0800c3fa        0x2 
 .text._printf_float
                0x0800c3fc      0x47c /opt/st/stm32cubeide_2.0.0/plugins/com.st.stm32cube.ide.mcu.externaltools.gnu-tools-for-stm32.13.3.rel1.linux64_1.0.100.202509120712/tools/bin/../lib/gcc/arm-none-eabi/13.3.1/../../../../arm-none-eabi/lib/thumb/v6-m/nofp/libc_nano.a(libc_a-nano-vfprintf_float.o)
                0x0800c3fc                _printf_float
 .text._printf_common
                0x0800c878       0xde /opt/st/stm32cubeide_2.0.0/plugins/com.st.stm32cube.ide.mcu.externaltools.gnu-tools-for-stm32.13.3.rel1.linux64_1.0.100.202509120712/tools/bin/../lib/gcc/arm-none-eabi/13.3.1/../../../../arm-none-eabi/lib/thumb/v6-m/nofp/libc_nano.a(libc_a-nano-vfprintf_i.o)
                0x0800c878                _printf_common
 *fill*         0x0800c956        0x2 
 .text._printf_i
                0x0800c958      0x218 /opt/st/stm32cubeide_2.0.0/plugins/com.st.stm32cube.ide.mcu.externaltools.gnu-tools-for-stm32.13.3.rel1.linux64_1.0.100.202509120712/tools/bin/../lib/gcc/arm-none-eabi/13.3.1/../../../../arm-none-eabi/lib/thumb/v6-m/nofp/libc_nano.a(libc_a-nano-vfprintf_i.o)
                0x0800c958                _printf_i
 .text.std      0x0800cb70       0x6c /opt/st/stm32cubeide_2.0.0/plugins/com.st.stm32cube.ide.mcu.externaltools.gnu-tools-for-stm32.13.3.rel1.linux64_1.0.100.202509120712/tools/bin/../lib/gcc/arm-none-eabi/13.3.1/../../../../arm-none-eabi/lib/thumb/v6-m/nofp/libc_nano.a(libc_a-findfp.o)
 .text.stdio_exit_handler
                0x0800cbdc       0x1c /opt/st/stm32cubeide_2.0.0/plugins/com.st.stm32cube.ide.mcu.externaltools.gnu-tools-for-stm32.13.3.rel1.linux64_1.0.100.202509120712/tools/bin/../lib/gcc/arm-none-eabi/13.3.1/../../../../arm-none-eabi/lib/thumb/v6-m/nofp/libc_nano.a(libc_a-findfp.o)
 .text.cleanup_stdio
                0x0800cbf8       0x3c /opt/st/stm32cubeide_2.0.0/plugins/com.st.stm32cube.ide.mcu.externaltools.gnu-tools-for-stm32.13.3.rel1.linux64_1.0.100.202509120712/tools/bin/../lib/gcc/arm-none-eabi/13.3.1/../../../../arm-none-eabi/lib/thumb/v6-m/nofp/libc_nano.a(libc_a-findfp.o)
 .text.global_stdio_init.part.0
                0x0800cc34       0x3c /opt/st/stm32cubeide_2.0.0/plugins/com.st.stm32cube.ide.mcu.externaltools.gnu-tools-for-stm32.13.3.rel1.linux64_1.0.100.202509120712/tools/bin/../lib/gcc/arm-none-eabi/13.3.1/../../../../arm-none-eabi/lib/thumb/v6-m/nofp/libc_nano.a(libc_a-findfp.o)
 .text.__sfp_lock_acquire
                0x0800cc70       0x10 /opt/st/stm32cubeide_2.0.0/plugins/com.st.stm32cube.ide.mcu.externaltools.gnu-tools-for-stm32.13.3.rel1.linux64_1.0.100.202509120712/tools/bin/../lib/gcc/arm-none-eabi/13.3.1/../../../../arm-none-eabi/lib/thumb/v6-m/nofp/libc_nano.a(libc_a-findfp.o)
                0x0800cc70                __sfp_lock_acquire
 .text.__sfp_lock_release
                0x0800cc80       0x10 /opt/st/stm32cubeide_2.0.0/plugins/com.st.stm32cube.ide.mcu.externaltools.gnu-tools-for-stm32.13.3.rel1.linux64_1.0.100.202509120712/tools/bin/../lib/gcc/arm-none-eabi/13.3.1/../../../../arm-none-eabi/lib/thumb/v6-m/nofp/libc_nano.a(libc_a-findfp.o)
                0x0800cc80                __sfp_lock_release
 .text.__sinit  0x0800cc90       0x30 /opt/st/stm32cubeide_2.0.0/plugins/com.st.stm32cube.ide.mcu.externaltools.gnu-tools-for-stm32.13.3.rel1.linux64_1.0.100.202509120712/tools/bin/../lib/gcc/arm-none-eabi/13.3.1/../../../../arm-none-eabi/lib/thumb/v6-m/nofp/libc_nano.a(libc_a-findfp.o)
                0x0800cc90                __sinit
 .text._fwalk_sglue
                0x0800ccc0       0x38 /opt/st/stm32cubeide_2.0.0/plugins/com.st.stm32cube.ide.mcu.externaltools.gnu-tools-for-stm32.13.3.rel1.linux64_1.0.100.202509120712/tools/bin/../lib/gcc/arm-none-eabi/13.3.1/../../../../arm-none-eabi/lib/thumb/v6-m/nofp/libc_nano.a(libc_a-fwalk.o)
                0x0800ccc0                _fwalk_sglue
 .text.__sread  0x0800ccf8       0x28 /opt/st/stm32cubeide_2.0.0/plugins/com.st.stm32cube.ide.mcu.externaltools.gnu-tools-for-stm32.13.3.rel1.linux64_1.0.100.202509120712/tools/bin/../lib/gcc/arm-none-eabi/13.3.1/../../../../arm-none-eabi/lib/thumb/v6-m/nofp/libc_nano.a(libc_a-stdio.o)
                0x0800ccf8                __sread
 .text.__swrite
                0x0800cd20       0x38 /opt/st/stm32cubeide_2.0.0/plugins/com.st.stm32cube.ide.mcu.externaltools.gnu-tools-for-stm32.13.3.rel1.linux64_1.0.100.202509120712/tools/bin/../lib/gcc/arm-none-eabi/13.3.1/../../../../arm-none-eabi/lib/thumb/v6-m/nofp/libc_nano.a(libc_a-stdio.o)
                0x0800cd20                __swrite
 .text.__sseek  0x0800cd58       0x2c /opt/st/stm32cubeide_2.0.0/plugins/com.st.stm32cube.ide.mcu.externaltools.gnu-tools-for-stm32.13.3.rel1.linux64_1.0.100.202509120712/tools/bin/../lib/gcc/arm-none-eabi/13.3.1/../../../../arm-none-eabi/lib/thumb/v6-m/nofp/libc_nano.a(libc_a-stdio.o)
                0x0800cd58                __sseek
 .text.__sclose
                0x0800cd84        0xc /opt/st/stm32cubeide_2.0.0/plugins/com.st.stm32cube.ide.mcu.externaltools.gnu-tools-for-stm32.13.3.rel1.linux64_1.0.100.202509120712/tools/bin/../lib/gcc/arm-none-eabi/13.3.1/../../../../arm-none-eabi/lib/thumb/v6-m/nofp/libc_nano.a(libc_a-stdio.o)
                0x0800cd84                __sclose
 .text.memset   0x0800cd90       0x10 /opt/st/stm32cubeide_2.0.0/plugins/com.st.stm32cube.ide.mcu.externaltools.gnu-tools-for-stm32.13.3.rel1.linux64_1.0.100.202509120712/tools/bin/../lib/gcc/arm-none-eabi/13.3.1/../../../../arm-none-eabi/lib/thumb/v6-m/nofp/libc_nano.a(libc_a-memset.o)
                0x0800cd90                memset
 .text._localeconv_r
                0x0800cda0        0x8 /opt/st/stm32cubeide_2.0.0/plugins/com.st.stm32cube.ide.mcu.externaltools.gnu-tools-for-stm32.13.3.rel1.linux64_1.0.100.202509120712/tools/bin/../lib/gcc/arm-none-eabi/13.3.1/../../../../arm-none-eabi/lib/thumb/v6-m/nofp/libc_nano.a(libc_a-localeconv.o)
                0x0800cda0                _localeconv_r
 .text._close_r
                0x0800cda8       0x24 /opt/st/stm32cubeide_2.0.0/plugins/com.st.stm32cube.ide.mcu.externaltools.gnu-tools-for-stm32.13.3.rel1.linux64_1.0.100.202509120712/tools/bin/../lib/gcc/arm-none-eabi/13.3.1/../../../../arm-none-eabi/lib/thumb/v6-m/nofp/libc_nano.a(libc_a-closer.o)
                0x0800cda8                _close_r
 .text._lseek_r
                0x0800cdcc       0x28 /opt/st/stm32cubeide_2.0.0/plugins/com.st.stm32cube.ide.mcu.externaltools.gnu-tools-for-stm32.13.3.rel1.linux64_1.0.100.202509120712/tools/bin/../lib/gcc/arm-none-eabi/13.3.1/../../../../arm-none-eabi/lib/thumb/v6-m/nofp/libc_nano.a(libc_a-lseekr.o)
                0x0800cdcc                _lseek_r
 .text._read_r  0x0800cdf4       0x28 /opt/st/stm32cubeide_2.0.0/plugins/com.st.stm32cube.ide.mcu.externaltools.gnu-tools-for-stm32.13.3.rel1.linux64_1.0.100.202509120712/tools/bin/../lib/gcc/arm-none-eabi/13.3.1/../../../../arm-none-eabi/lib/thumb/v6-m/nofp/libc_nano.a(libc_a-readr.o)
                0x0800cdf4                _read_r
 .text._write_r
                0x0800ce1c       0x28 /opt/st/stm32cubeide_2.0.0/plugins/com.st.stm32cube.ide.mcu.externaltools.gnu-tools-for-stm32.13.3.rel1.linux64_1.0.100.202509120712/tools/bin/../lib/gcc/arm-none-eabi/13.3.1/../../../../arm-none-eabi/lib/thumb/v6-m/nofp/libc_nano.a(libc_a-writer.o)
                0x0800ce1c                _write_r
 .text.__errno  0x0800ce44        0xc /opt/st/stm32cubeide_2.0.0/plugins/com.st.stm32cube.ide.mcu.externaltools.gnu-tools-for-stm32.13.3.rel1.linux64_1.0.100.202509120712/tools/bin/../lib/gcc/arm-none-eabi/13.3.1/../../../../arm-none-eabi/lib/thumb/v6-m/nofp/libc_nano.a(libc_a-errno.o)
                0x0800ce44                __errno
 .text.__libc_init_array
                0x0800ce50       0x48 /opt/st/stm32cubeide_2.0.0/plugins/com.st.stm32cube.ide.mcu.externaltools.gnu-tools-for-stm32.13.3.rel1.linux64_1.0.100.202509120712/tools/bin/../lib/gcc/arm-none-eabi/13.3.1/../../../../arm-none-eabi/lib/thumb/v6-m/nofp/libc_nano.a(libc_a-init.o)
                0x0800ce50                __libc_init_array
 .text.__retarget_lock_init_recursive
                0x0800ce98        0x2 /opt/st/stm32cubeide_2.0.0/plugins/com.st.stm32cube.ide.mcu.externaltools.gnu-tools-for-stm32.13.3.rel1.linux64_1.0.100.202509120712/tools/bin/../lib/gcc/arm-none-eabi/13.3.1/../../../../arm-none-eabi/lib/thumb/v6-m/nofp/libc_nano.a(libc_a-lock.o)
                0x0800ce98                __retarget_lock_init_recursive
 .text.__retarget_lock_acquire_recursive
                0x0800ce9a        0x2 /opt/st/stm32cubeide_2.0.0/plugins/com.st.stm32cube.ide.mcu.externaltools.gnu-tools-for-stm32.13.3.rel1.linux64_1.0.100.202509120712/tools/bin/../lib/gcc/arm-none-eabi/13.3.1/../../../../arm-none-eabi/lib/thumb/v6-m/nofp/libc_nano.a(libc_a-lock.o)
                0x0800ce9a                __retarget_lock_acquire_recursive
 .text.__retarget_lock_release_recursive
                0x0800ce9c        0x2 /opt/st/stm32cubeide_2.0.0/plugins/com.st.stm32cube.ide.mcu.externaltools.gnu-tools-for-stm32.13.3.rel1.linux64_1.0.100.202509120712/tools/bin/../lib/gcc/arm-none-eabi/13.3.1/../../../../arm-none-eabi/lib/thumb/v6-m/nofp/libc_nano.a(libc_a-lock.o)
                0x0800ce9c                __retarget_lock_release_recursive
 .text.memchr   0x0800ce9e       0x16 /opt/st/stm32cubeide_2.0.0/plugins/com.st.stm32cube.ide.mcu.externaltools.gnu-tools-for-stm32.13.3.rel1.linux64_1.0.100.202509120712/tools/bin/../lib/gcc/arm-none-eabi/13.3.1/../../../../arm-none-eabi/lib/thumb/v6-m/nofp/libc_nano.a(libc_a-memchr-stub.o)
                0x0800ce9e                memchr
 .text.memcpy   0x0800ceb4       0x12 /opt/st/stm32cubeide_2.0.0/plugins/com.st.stm32cube.ide.mcu.externaltools.gnu-tools-for-stm32.13.3.rel1.linux64_1.0.100.202509120712/tools/bin/../lib/gcc/arm-none-eabi/13.3.1/../../../../arm-none-eabi/lib/thumb/v6-m/nofp/libc_nano.a(libc_a-memcpy-stub.o)
                0x0800ceb4                memcpy
 .text.quorem   0x0800cec6      0x10a /opt/st/stm32cubeide_2.0.0/plugins/com.st.stm32cube.ide.mcu.externaltools.gnu-tools-for-stm32.13.3.rel1.linux64_1.0.100.202509120712/tools/bin/../lib/gcc/arm-none-eabi/13.3.1/../../../../arm-none-eabi/lib/thumb/v6-m/nofp/libc_nano.a(libc_a-dtoa.o)
 .text._dtoa_r  0x0800cfd0      0xbe0 /opt/st/stm32cubeide_2.0.0/plugins/com.st.stm32cube.ide.mcu.externaltools.gnu-tools-for-stm32.13.3.rel1.linux64_1.0.100.202509120712/tools/bin/../lib/gcc/arm-none-eabi/13.3.1/../../../../arm-none-eabi/lib/thumb/v6-m/nofp/libc_nano.a(libc_a-dtoa.o)
                0x0800cfd0                _dtoa_r
 .text._free_r  0x0800dbb0       0x94 /opt/st/stm32cubeide_2.0.0/plugins/com.st.stm32cube.ide.mcu.externaltools.gnu-tools-for-stm32.13.3.rel1.linux64_1.0.100.202509120712/tools/bin/../lib/gcc/arm-none-eabi/13.3.1/../../../../arm-none-eabi/lib/thumb/v6-m/nofp/libc_nano.a(libc_a-freer.o)
                0x0800dbb0                _free_r
 .text.malloc   0x0800dc44       0x14 /opt/st/stm32cubeide_2.0.0/plugins/com.st.stm32cube.ide.mcu.externaltools.gnu-tools-for-stm32.13.3.rel1.linux64_1.0.100.202509120712/tools/bin/../lib/gcc/arm-none-eabi/13.3.1/../../../../arm-none-eabi/lib/thumb/v6-m/nofp/libc_nano.a(libc_a-malloc.o)
                0x0800dc44                malloc
 .text.sbrk_aligned
                0x0800dc58       0x44 /opt/st/stm32cubeide_2.0.0/plugins/com.st.stm32cube.ide.mcu.externaltools.gnu-tools-for-stm32.13.3.rel1.linux64_1.0.100.202509120712/tools/bin/../lib/gcc/arm-none-eabi/13.3.1/../../../../arm-none-eabi/lib/thumb/v6-m/nofp/libc_nano.a(libc_a-mallocr.o)
 .text._malloc_r
                0x0800dc9c      0x100 /opt/st/stm32cubeide_2.0.0/plugins/com.st.stm32cube.ide.mcu.externaltools.gnu-tools-for-stm32.13.3.rel1.linux64_1.0.100.202509120712/tools/bin/../lib/gcc/arm-none-eabi/13.3.1/../../../../arm-none-eabi/lib/thumb/v6-m/nofp/libc_nano.a(libc_a-mallocr.o)
                0x0800dc9c                _malloc_r
 .text.__malloc_lock
                0x0800dd9c       0x10 /opt/st/stm32cubeide_2.0.0/plugins/com.st.stm32cube.ide.mcu.externaltools.gnu-tools-for-stm32.13.3.rel1.linux64_1.0.100.202509120712/tools/bin/../lib/gcc/arm-none-eabi/13.3.1/../../../../arm-none-eabi/lib/thumb/v6-m/nofp/libc_nano.a(libc_a-mlock.o)
                0x0800dd9c                __malloc_lock
 .text.__malloc_unlock
                0x0800ddac       0x10 /opt/st/stm32cubeide_2.0.0/plugins/com.st.stm32cube.ide.mcu.externaltools.gnu-tools-for-stm32.13.3.rel1.linux64_1.0.100.202509120712/tools/bin/../lib/gcc/arm-none-eabi/13.3.1/../../../../arm-none-eabi/lib/thumb/v6-m/nofp/libc_nano.a(libc_a-mlock.o)
                0x0800ddac                __malloc_unlock
 .text._Balloc  0x0800ddbc       0x88 /opt/st/stm32cubeide_2.0.0/plugins/com.st.stm32cube.ide.mcu.externaltools.gnu-tools-for-stm32.13.3.rel1.linux64_1.0.100.202509120712/tools/bin/../lib/gcc/arm-none-eabi/13.3.1/../../../../arm-none-eabi/lib/thumb/v6-m/nofp/libc_nano.a(libc_a-mprec.o)
                0x0800ddbc                _Balloc
 .text._Bfree   0x0800de44       0x48 /opt/st/stm32cubeide_2.0.0/plugins/com.st.stm32cube.ide.mcu.externaltools.gnu-tools-for-stm32.13.3.rel1.linux64_1.0.100.202509120712/tools/bin/../lib/gcc/arm-none-eabi/13.3.1/../../../../arm-none-eabi/lib/thumb/v6-m/nofp/libc_nano.a(libc_a-mprec.o)
                0x0800de44                _Bfree
 .text.__multadd
                0x0800de8c       0x88 /opt/st/stm32cubeide_2.0.0/plugins/com.st.stm32cube.ide.mcu.externaltools.gnu-tools-for-stm32.13.3.rel1.linux64_1.0.100.202509120712/tools/bin/../lib/gcc/arm-none-eabi/13.3.1/../../../../arm-none-eabi/lib/thumb/v6-m/nofp/libc_nano.a(libc_a-mprec.o)
                0x0800de8c                __multadd
 .text.__hi0bits
                0x0800df14       0x42 /opt/st/stm32cubeide_2.0.0/plugins/com.st.stm32cube.ide.mcu.externaltools.gnu-tools-for-stm32.13.3.rel1.linux64_1.0.100.202509120712/tools/bin/../lib/gcc/arm-none-eabi/13.3.1/../../../../arm-none-eabi/lib/thumb/v6-m/nofp/libc_nano.a(libc_a-mprec.o)
                0x0800df14                __hi0bits
 .text.__lo0bits
                0x0800df56       0x5c /opt/st/stm32cubeide_2.0.0/plugins/com.st.stm32cube.ide.mcu.externaltools.gnu-tools-for-stm32.13.3.rel1.linux64_1.0.100.202509120712/tools/bin/../lib/gcc/arm-none-eabi/13.3.1/../../../../arm-none-eabi/lib/thumb/v6-m/nofp/libc_nano.a(libc_a-mprec.o)
                0x0800df56                __lo0bits
 *fill*         0x0800dfb2        0x2 
 .text.__i2b    0x0800dfb4       0x30 /opt/st/stm32cubeide_2.0.0/plugins/com.st.stm32cube.ide.mcu.externaltools.gnu-tools-for-stm32.13.3.rel1.linux64_1.0.100.202509120712/tools/bin/../lib/gcc/arm-none-eabi/13.3.1/../../../../arm-none-eabi/lib/thumb/v6-m/nofp/libc_nano.a(libc_a-mprec.o)
                0x0800dfb4                __i2b
 .text.__multiply
                0x0800dfe4      0x154 /opt/st/stm32cubeide_2.0.0/plugins/com.st.stm32cube.ide.mcu.externaltools.gnu-tools-for-stm32.13.3.rel1.linux64_1.0.100.202509120712/tools/bin/../lib/gcc/arm-none-eabi/13.3.1/../../../../arm-none-eabi/lib/thumb/v6-m/nofp/libc_nano.a(libc_a-mprec.o)
                0x0800dfe4                __multiply
 .text.__pow5mult
                0x0800e138       0xb8 /opt/st/stm32cubeide_2.0.0/plugins/com.st.stm32cube.ide.mcu.externaltools.gnu-tools-for-stm32.13.3.rel1.linux64_1.0.100.202509120712/tools/bin/../lib/gcc/arm-none-eabi/13.3.1/../../../../arm-none-eabi/lib/thumb/v6-m/nofp/libc_nano.a(libc_a-mprec.o)
                0x0800e138                __pow5mult
 .text.__lshift
                0x0800e1f0       0xd8 /opt/st/stm32cubeide_2.0.0/plugins/com.st.stm32cube.ide.mcu.externaltools.gnu-tools-for-stm32.13.3.rel1.linux64_1.0.100.202509120712/tools/bin/../lib/gcc/arm-none-eabi/13.3.1/../../../../arm-none-eabi/lib/thumb/v6-m/nofp/libc_nano.a(libc_a-mprec.o)
                0x0800e1f0                __lshift
 .text.__mcmp   0x0800e2c8       0x36 /opt/st/stm32cubeide_2.0.0/plugins/com.st.stm32cube.ide.mcu.externaltools.gnu-tools-for-stm32.13.3.rel1.linux64_1.0.100.202509120712/tools/bin/../lib/gcc/arm-none-eabi/13.3.1/../../../../arm-none-eabi/lib/thumb/v6-m/nofp/libc_nano.a(libc_a-mprec.o)
                0x0800e2c8                __mcmp
 *fill*         0x0800e2fe        0x2 
 .text.__mdiff  0x0800e300      0x134 /opt/st/stm32cubeide_2.0.0/plugins/com.st.stm32cube.ide.mcu.externaltools.gnu-tools-for-stm32.13.3.rel1.linux64_1.0.100.202509120712/tools/bin/../lib/gcc/arm-none-eabi/13.3.1/../../../../arm-none-eabi/lib/thumb/v6-m/nofp/libc_nano.a(libc_a-mprec.o)
                0x0800e300                __mdiff
 .text.__d2b    0x0800e434       0xc0 /opt/st/stm32cubeide_2.0.0/plugins/com.st.stm32cube.ide.mcu.externaltools.gnu-tools-for-stm32.13.3.rel1.linux64_1.0.100.202509120712/tools/bin/../lib/gcc/arm-none-eabi/13.3.1/../../../../arm-none-eabi/lib/thumb/v6-m/nofp/libc_nano.a(libc_a-mprec.o)
                0x0800e434                __d2b
 .text.__sflush_r
                0x0800e4f4      0x10c /opt/st/stm32cubeide_2.0.0/plugins/com.st.stm32cube.ide.mcu.externaltools.gnu-tools-for-stm32.13.3.rel1.linux64_1.0.100.202509120712/tools/bin/../lib/gcc/arm-none-eabi/13.3.1/../../../../arm-none-eabi/lib/thumb/v6-m/nofp/libc_nano.a(libc_a-fflush.o)
                0x0800e4f4                __sflush_r
 .text._fflush_r
                0x0800e600       0x56 /opt/st/stm32cubeide_2.0.0/plugins/com.st.stm32cube.ide.mcu.externaltools.gnu-tools-for-stm32.13.3.rel1.linux64_1.0.100.202509120712/tools/bin/../lib/gcc/arm-none-eabi/13.3.1/../../../../arm-none-eabi/lib/thumb/v6-m/nofp/libc_nano.a(libc_a-fflush.o)
                0x0800e600                _fflush_r
 *fill*         0x0800e656        0x2 
 .text._sbrk_r  0x0800e658       0x24 /opt/st/stm32cubeide_2.0.0/plugins/com.st.stm32cube.ide.mcu.externaltools.gnu-tools-for-stm32.13.3.rel1.linux64_1.0.100.202509120712/tools/bin/../lib/gcc/arm-none-eabi/13.3.1/../../../../arm-none-eabi/lib/thumb/v6-m/nofp/libc_nano.a(libc_a-sbrkr.o)
                0x0800e658                _sbrk_r
 .text.__assert_func
                0x0800e67c       0x3c /opt/st/stm32cubeide_2.0.0/plugins/com.st.stm32cube.ide.mcu.externaltools.gnu-tools-for-stm32.13.3.rel1.linux64_1.0.100.202509120712/tools/bin/../lib/gcc/arm-none-eabi/13.3.1/../../../../arm-none-eabi/lib/thumb/v6-m/nofp/libc_nano.a(libc_a-assert.o)
                0x0800e67c                __assert_func
 .text._calloc_r
                0x0800e6b8       0x5a /opt/st/stm32cubeide_2.0.0/plugins/com.st.stm32cube.ide.mcu.externaltools.gnu-tools-for-stm32.13.3.rel1.linux64_1.0.100.202509120712/tools/bin/../lib/gcc/arm-none-eabi/13.3.1/../../../../arm-none-eabi/lib/thumb/v6-m/nofp/libc_nano.a(libc_a-callocr.o)
                0x0800e6b8                _calloc_r
 .text.__ascii_mbtowc
                0x0800e712       0x24 /opt/st/stm32cubeide_2.0.0/plugins/com.st.stm32cube.ide.mcu.externaltools.gnu-tools-for-stm32.13.3.rel1.linux64_1.0.100.202509120712/tools/bin/../lib/gcc/arm-none-eabi/13.3.1/../../../../arm-none-eabi/lib/thumb/v6-m/nofp/libc_nano.a(libc_a-mbtowc_r.o)
                0x0800e712                __ascii_mbtowc
 .text.__ascii_wctomb
                0x0800e736       0x1a /opt/st/stm32cubeide_2.0.0/plugins/com.st.stm32cube.ide.mcu.externaltools.gnu-tools-for-stm32.13.3.rel1.linux64_1.0.100.202509120712/tools/bin/../lib/gcc/arm-none-eabi/13.3.1/../../../../arm-none-eabi/lib/thumb/v6-m/nofp/libc_nano.a(libc_a-wctomb_r.o)
                0x0800e736                __ascii_wctomb
 .text.fprintf  0x0800e750       0x20 /opt/st/stm32cubeide_2.0.0/plugins/com.st.stm32cube.ide.mcu.externaltools.gnu-tools-for-stm32.13.3.rel1.linux64_1.0.100.202509120712/tools/bin/../lib/gcc/arm-none-eabi/13.3.1/../../../../arm-none-eabi/lib/thumb/v6-m/nofp/libc_nano.a(libc_a-fprintf.o)
                0x0800e750                fprintf
                0x0800e750                fiprintf
 .text.abort    0x0800e770        0xe /opt/st/stm32cubeide_2.0.0/plugins/com.st.stm32cube.ide.mcu.externaltools.gnu-tools-for-stm32.13.3.rel1.linux64_1.0.100.202509120712/tools/bin/../lib/gcc/arm-none-eabi/13.3.1/../../../../arm-none-eabi/lib/thumb/v6-m/nofp/libc_nano.a(libc_a-abort.o)
                0x0800e770                abort
 .text.__sfputc_r
                0x0800e77e       0x2a /opt/st/stm32cubeide_2.0.0/plugins/com.st.stm32cube.ide.mcu.externaltools.gnu-tools-for-stm32.13.3.rel1.linux64_1.0.100.202509120712/tools/bin/../lib/gcc/arm-none-eabi/13.3.1/../../../../arm-none-eabi/lib/thumb/v6-m/nofp/libc_nano.a(libc_a-nano-vfprintf.o)
 .text.__sfputs_r
                0x0800e7a8       0x24 /opt/st/stm32cubeide_2.0.0/plugins/com.st.stm32cube.ide.mcu.externaltools.gnu-tools-for-stm32.13.3.rel1.linux64_1.0.100.202509120712/tools/bin/../lib/gcc/arm-none-eabi/13.3.1/../../../../arm-none-eabi/lib/thumb/v6-m/nofp/libc_nano.a(libc_a-nano-vfprintf.o)
                0x0800e7a8                __sfputs_r
 .text._vfprintf_r
                0x0800e7cc      0x238 /opt/st/stm32cubeide_2.0.0/plugins/com.st.stm32cube.ide.mcu.externaltools.gnu-tools-for-stm32.13.3.rel1.linux64_1.0.100.202509120712/tools/bin/../lib/gcc/arm-none-eabi/13.3.1/../../../../arm-none-eabi/lib/thumb/v6-m/nofp/libc_nano.a(libc_a-nano-vfprintf.o)
                0x0800e7cc                _vfiprintf_r
                0x0800e7cc                _vfprintf_r
 .text.__swbuf_r
                0x0800ea04       0x84 /opt/st/stm32cubeide_2.0.0/plugins/com.st.stm32cube.ide.mcu.externaltools.gnu-tools-for-stm32.13.3.rel1.linux64_1.0.100.202509120712/tools/bin/../lib/gcc/arm-none-eabi/13.3.1/../../../../arm-none-eabi/lib/thumb/v6-m/nofp/libc_nano.a(libc_a-wbuf.o)
                0x0800ea04                __swbuf_r
 .text.__swsetup_r
                0x0800ea88       0xbc /opt/st/stm32cubeide_2.0.0/plugins/com.st.stm32cube.ide.mcu.externaltools.gnu-tools-for-stm32.13.3.rel1.linux64_1.0.100.202509120712/tools/bin/../lib/gcc/arm-none-eabi/13.3.1/../../../../arm-none-eabi/lib/thumb/v6-m/nofp/libc_nano.a(libc_a-wsetup.o)
                0x0800ea88                __swsetup_r
 .text._raise_r
                0x0800eb44       0x52 /opt/st/stm32cubeide_2.0.0/plugins/com.st.stm32cube.ide.mcu.externaltools.gnu-tools-for-stm32.13.3.rel1.linux64_1.0.100.202509120712/tools/bin/../lib/gcc/arm-none-eabi/13.3.1/../../../../arm-none-eabi/lib/thumb/v6-m/nofp/libc_nano.a(libc_a-signal.o)
                0x0800eb44                _raise_r
 *fill*         0x0800eb96        0x2 
 .text.raise    0x0800eb98       0x14 /opt/st/stm32cubeide_2.0.0/plugins/com.st.stm32cube.ide.mcu.externaltools.gnu-tools-for-stm32.13.3.rel1.linux64_1.0.100.202509120712/tools/bin/../lib/gcc/arm-none-eabi/13.3.1/../../../../arm-none-eabi/lib/thumb/v6-m/nofp/libc_nano.a(libc_a-signal.o)
                0x0800eb98                raise
 .text._kill_r  0x0800ebac       0x24 /opt/st/stm32cubeide_2.0.0/plugins/com.st.stm32cube.ide.mcu.externaltools.gnu-tools-for-stm32.13.3.rel1.linux64_1.0.100.202509120712/tools/bin/../lib/gcc/arm-none-eabi/13.3.1/../../../../arm-none-eabi/lib/thumb/v6-m/nofp/libc_nano.a(libc_a-signalr.o)
                0x0800ebac                _kill_r
 .text._getpid_r
                0x0800ebd0        0x8 /opt/st/stm32cubeide_2.0.0/plugins/com.st.stm32cube.ide.mcu.externaltools.gnu-tools-for-stm32.13.3.rel1.linux64_1.0.100.202509120712/tools/bin/../lib/gcc/arm-none-eabi/13.3.1/../../../../arm-none-eabi/lib/thumb/v6-m/nofp/libc_nano.a(libc_a-signalr.o)
                0x0800ebd0                _getpid_r
 .text.__swhatbuf_r
                0x0800ebd8       0x54 /opt/st/stm32cubeide_2.0.0/plugins/com.st.stm32cube.ide.mcu.externaltools.gnu-tools-for-stm32.13.3.rel1.linux64_1.0.100.202509120712/tools/bin/../lib/gcc/arm-none-eabi/13.3.1/../../../../arm-none-eabi/lib/thumb/v6-m/nofp/libc_nano.a(libc_a-makebuf.o)
                0x0800ebd8                __swhatbuf_r
 .text.__smakebuf_r
                0x0800ec2c       0x82 /opt/st/stm32cubeide_2.0.0/plugins/com.st.stm32cube.ide.mcu.externaltools.gnu-tools-for-stm32.13.3.rel1.linux64_1.0.100.202509120712/tools/bin/../lib/gcc/arm-none-eabi/13.3.1/../../../../arm-none-eabi/lib/thumb/v6-m/nofp/libc_nano.a(libc_a-makebuf.o)
                0x0800ec2c                __smakebuf_r
 *fill*         0x0800ecae        0x2 
 .text._fstat_r
                0x0800ecb0       0x24 /opt/st/stm32cubeide_2.0.0/plugins/com.st.stm32cube.ide.mcu.externaltools.gnu-tools-for-stm32.13.3.rel1.linux64_1.0.100.202509120712/tools/bin/../lib/gcc/arm-none-eabi/13.3.1/../../../../arm-none-eabi/lib/thumb/v6-m/nofp/libc_nano.a(libc_a-fstatr.o)
                0x0800ecb0                _fstat_r
 .text._isatty_r
                0x0800ecd4       0x24 /opt/st/stm32cubeide_2.0.0/plugins/com.st.stm32cube.ide.mcu.externaltools.gnu-tools-for-stm32.13.3.rel1.linux64_1.0.100.202509120712/tools/bin/../lib/gcc/arm-none-eabi/13.3.1/../../../../arm-none-eabi/lib/thumb/v6-m/nofp/libc_nano.a(libc_a-isattyr.o)
                0x0800ecd4                _isatty_r
 *(.glue_7)
 .glue_7        0x0800ecf8        0x0 linker stubs
 *(.glue_7t)
 .glue_7t       0x0800ecf8        0x0 linker stubs
 *(.eh_frame)
 .eh_frame      0x0800ecf8        0x0 /opt/st/stm32cubeide_2.0.0/plugins/com.st.stm32cube.ide.mcu.externaltools.gnu-tools-for-stm32.13.3.rel1.linux64_1.0.100.202509120712/tools/bin/../lib/gcc/arm-none-eabi/13.3.1/thumb/v6-m/nofp/crtbegin.o
 *(.init)
 .init          0x0800ecf8        0x4 /opt/st/stm32cubeide_2.0.0/plugins/com.st.stm32cube.ide.mcu.externaltools.gnu-tools-for-stm32.13.3.rel1.linux64_1.0.100.202509120712/tools/bin/../lib/gcc/arm-none-eabi/13.3.1/thumb/v6-m/nofp/crti.o
                0x0800ecf8                _init
 .init          0x0800ecfc        0x8 /opt/st/stm32cubeide_2.0.0/plugins/com.st.stm32cube.ide.mcu.externaltools.gnu-tools-for-stm32.13.3.rel1.linux64_1.0.100.202509120712/tools/bin/../lib/gcc/arm-none-eabi/13.3.1/thumb/v6-m/nofp/crtn.o
 *(.fini)
 .fini          0x0800ed04        0x4 /opt/st/stm32cubeide_2.0.0/plugins/com.st.stm32cube.ide.mcu.externaltools.gnu-tools-for-stm32.13.3.rel1.linux64_1.0.100.202509120712/tools/bin/../lib/gcc/arm-none-eabi/13.3.1/thumb/v6-m/nofp/crti.o
                0x0800ed04                _fini
 .fini          0x0800ed08        0x8 /opt/st/stm32cubeide_2.0.0/plugins/com.st.stm32cube.ide.mcu.externaltools.gnu-tools-for-stm32.13.3.rel1.linux64_1.0.100.202509120712/tools/bin/../lib/gcc/arm-none-eabi/13.3.1/thumb/v6-m/nofp/crtn.o
                0x0800ed10                        . = ALIGN (0x4)
                0x0800ed10                        _etext = .

.vfp11_veneer   0x0800ed10        0x0
 .vfp11_veneer  0x0800ed10        0x0 linker stubs

.v4_bx          0x0800ed10        0x0
 .v4_bx         0x0800ed10        0x0 linker stubs

.iplt           0x0800ed10        0x0
 .iplt          0x0800ed10        0x0 /opt/st/stm32cubeide_2.0.0/plugins/com.st.stm32cube.ide.mcu.externaltools.gnu-tools-for-stm32.13.3.rel1.linux64_1.0.100.202509120712/tools/bin/../lib/gcc/arm-none-eabi/13.3.1/thumb/v6-m/nofp/crtbegin.o

.rodata         0x0800ed10      0x534
                0x0800ed10                        . = ALIGN (0x4)
 *(.rodata)
 .rodata        0x0800ed10       0x7c /opt/st/stm32cubeide_2.0.0/plugins/com.st.stm32cube.ide.mcu.externaltools.gnu-tools-for-stm32.13.3.rel1.linux64_1.0.100.202509120712/tools/bin/../lib/gcc/arm-none-eabi/13.3.1/thumb/v6-m/nofp/libgcc.a(divsf3.o)
 .rodata        0x0800ed8c       0x40 /opt/st/stm32cubeide_2.0.0/plugins/com.st.stm32cube.ide.mcu.externaltools.gnu-tools-for-stm32.13.3.rel1.linux64_1.0.100.202509120712/tools/bin/../lib/gcc/arm-none-eabi/13.3.1/thumb/v6-m/nofp/libgcc.a(divdf3.o)
 *(.rodata*)
 .rodata.motor_process_1ms
                0x0800edcc       0x24 ./Core/Src/driver_motor.o
 .rodata.AHBPrescTable
                0x0800edf0       0x40 ./Core/Src/system_stm32g0xx.o
                0x0800edf0                AHBPrescTable
 .rodata.APBPrescTable
                0x0800ee30       0x20 ./Core/Src/system_stm32g0xx.o
                0x0800ee30                APBPrescTable
 .rodata.HAL_TIM_PWM_ConfigChannel
                0x0800ee50       0x54 ./Drivers/STM32G0xx_HAL_Driver/Src/stm32g0xx_hal_tim.o
 .rodata.UARTPrescTable
                0x0800eea4       0x18 ./Drivers/STM32G0xx_HAL_Driver/Src/stm32g0xx_hal_uart.o
                0x0800eea4                UARTPrescTable
 .rodata.numerator.1
                0x0800eebc        0x8 ./Drivers/STM32G0xx_HAL_Driver/Src/stm32g0xx_hal_uart_ex.o
 .rodata.denominator.0
                0x0800eec4        0x8 ./Drivers/STM32G0xx_HAL_Driver/Src/stm32g0xx_hal_uart_ex.o
 .rodata._printf_float.str1.1
                0x0800eecc      0x171 /opt/st/stm32cubeide_2.0.0/plugins/com.st.stm32cube.ide.mcu.externaltools.gnu-tools-for-stm32.13.3.rel1.linux64_1.0.100.202509120712/tools/bin/../lib/gcc/arm-none-eabi/13.3.1/../../../../arm-none-eabi/lib/thumb/v6-m/nofp/libc_nano.a(libc_a-nano-vfprintf_float.o)
                                 0x12 (size before relaxing)
 .rodata._printf_i.str1.1
                0x0800f03d        0x0 /opt/st/stm32cubeide_2.0.0/plugins/com.st.stm32cube.ide.mcu.externaltools.gnu-tools-for-stm32.13.3.rel1.linux64_1.0.100.202509120712/tools/bin/../lib/gcc/arm-none-eabi/13.3.1/../../../../arm-none-eabi/lib/thumb/v6-m/nofp/libc_nano.a(libc_a-nano-vfprintf_i.o)
                                 0x22 (size before relaxing)
 .rodata._dtoa_r.str1.1
                0x0800f03d        0x0 /opt/st/stm32cubeide_2.0.0/plugins/com.st.stm32cube.ide.mcu.externaltools.gnu-tools-for-stm32.13.3.rel1.linux64_1.0.100.202509120712/tools/bin/../lib/gcc/arm-none-eabi/13.3.1/../../../../arm-none-eabi/lib/thumb/v6-m/nofp/libc_nano.a(libc_a-dtoa.o)
                                 0x8f (size before relaxing)
 .rodata._Balloc.str1.1
                0x0800f03d        0x0 /opt/st/stm32cubeide_2.0.0/plugins/com.st.stm32cube.ide.mcu.externaltools.gnu-tools-for-stm32.13.3.rel1.linux64_1.0.100.202509120712/tools/bin/../lib/gcc/arm-none-eabi/13.3.1/../../../../arm-none-eabi/lib/thumb/v6-m/nofp/libc_nano.a(libc_a-mprec.o)
                                 0x70 (size before relaxing)
 .rodata.__multadd.str1.1
                0x0800f03d        0x0 /opt/st/stm32cubeide_2.0.0/plugins/com.st.stm32cube.ide.mcu.externaltools.gnu-tools-for-stm32.13.3.rel1.linux64_1.0.100.202509120712/tools/bin/../lib/gcc/arm-none-eabi/13.3.1/../../../../arm-none-eabi/lib/thumb/v6-m/nofp/libc_nano.a(libc_a-mprec.o)
                                 0x11 (size before relaxing)
 *fill*         0x0800f03d        0x3 
 .rodata.p05.0  0x0800f040        0xc /opt/st/stm32cubeide_2.0.0/plugins/com.st.stm32cube.ide.mcu.externaltools.gnu-tools-for-stm32.13.3.rel1.linux64_1.0.100.202509120712/tools/bin/../lib/gcc/arm-none-eabi/13.3.1/../../../../arm-none-eabi/lib/thumb/v6-m/nofp/libc_nano.a(libc_a-mprec.o)
 *fill*         0x0800f04c        0x4 
 .rodata.__mprec_bigtens
                0x0800f050       0x28 /opt/st/stm32cubeide_2.0.0/plugins/com.st.stm32cube.ide.mcu.externaltools.gnu-tools-for-stm32.13.3.rel1.linux64_1.0.100.202509120712/tools/bin/../lib/gcc/arm-none-eabi/13.3.1/../../../../arm-none-eabi/lib/thumb/v6-m/nofp/libc_nano.a(libc_a-mprec.o)
                0x0800f050                __mprec_bigtens
 .rodata.__mprec_tens
                0x0800f078       0xc8 /opt/st/stm32cubeide_2.0.0/plugins/com.st.stm32cube.ide.mcu.externaltools.gnu-tools-for-stm32.13.3.rel1.linux64_1.0.100.202509120712/tools/bin/../lib/gcc/arm-none-eabi/13.3.1/../../../../arm-none-eabi/lib/thumb/v6-m/nofp/libc_nano.a(libc_a-mprec.o)
                0x0800f078                __mprec_tens
 .rodata._setlocale_r.str1.1
                0x0800f140        0x0 /opt/st/stm32cubeide_2.0.0/plugins/com.st.stm32cube.ide.mcu.externaltools.gnu-tools-for-stm32.13.3.rel1.linux64_1.0.100.202509120712/tools/bin/../lib/gcc/arm-none-eabi/13.3.1/../../../../arm-none-eabi/lib/thumb/v6-m/nofp/libc_nano.a(libc_a-locale.o)
                                  0x9 (size before relaxing)
 .rodata.str1.1
                0x0800f140        0x0 /opt/st/stm32cubeide_2.0.0/plugins/com.st.stm32cube.ide.mcu.externaltools.gnu-tools-for-stm32.13.3.rel1.linux64_1.0.100.202509120712/tools/bin/../lib/gcc/arm-none-eabi/13.3.1/../../../../arm-none-eabi/lib/thumb/v6-m/nofp/libc_nano.a(libc_a-locale.o)
                                  0x2 (size before relaxing)
 .rodata.__assert_func.str1.1
                0x0800f140        0x0 /opt/st/stm32cubeide_2.0.0/plugins/com.st.stm32cube.ide.mcu.externaltools.gnu-tools-for-stm32.13.3.rel1.linux64_1.0.100.202509120712/tools/bin/../lib/gcc/arm-none-eabi/13.3.1/../../../../arm-none-eabi/lib/thumb/v6-m/nofp/libc_nano.a(libc_a-assert.o)
                                 0x3d (size before relaxing)
 .rodata._ctype_
                0x0800f140      0x101 /opt/st/stm32cubeide_2.0.0/plugins/com.st.stm32cube.ide.mcu.externaltools.gnu-tools-for-stm32.13.3.rel1.linux64_1.0.100.202509120712/tools/bin/../lib/gcc/arm-none-eabi/13.3.1/../../../../arm-none-eabi/lib/thumb/v6-m/nofp/libc_nano.a(libc_a-ctype_.o)
                0x0800f140                _ctype_
 .rodata._vfprintf_r.str1.1
                0x0800f241        0x0 /opt/st/stm32cubeide_2.0.0/plugins/com.st.stm32cube.ide.mcu.externaltools.gnu-tools-for-stm32.13.3.rel1.linux64_1.0.100.202509120712/tools/bin/../lib/gcc/arm-none-eabi/13.3.1/../../../../arm-none-eabi/lib/thumb/v6-m/nofp/libc_nano.a(libc_a-nano-vfprintf.o)
                                 0x11 (size before relaxing)
                0x0800f244                        . = ALIGN (0x4)
 *fill*         0x0800f241        0x3 

.ARM.extab      0x0800f244        0x0
                0x0800f244                        . = ALIGN (0x4)
 *(.ARM.extab* .gnu.linkonce.armextab.*)
                0x0800f244                        . = ALIGN (0x4)

.ARM            0x0800f244        0x8
                0x0800f244                        . = ALIGN (0x4)
                0x0800f244                        __exidx_start = .
 *(.ARM.exidx*)
 .ARM.exidx     0x0800f244        0x8 /opt/st/stm32cubeide_2.0.0/plugins/com.st.stm32cube.ide.mcu.externaltools.gnu-tools-for-stm32.13.3.rel1.linux64_1.0.100.202509120712/tools/bin/../lib/gcc/arm-none-eabi/13.3.1/thumb/v6-m/nofp/libgcc.a(_udivmoddi4.o)
                0x0800f24c                        __exidx_end = .
                0x0800f24c                        . = ALIGN (0x4)

.preinit_array  0x0800f24c        0x0
                0x0800f24c                        . = ALIGN (0x4)
                0x0800f24c                        PROVIDE (__preinit_array_start = .)
 *(.preinit_array*)
                0x0800f24c                        PROVIDE (__preinit_array_end = .)
                0x0800f24c                        . = ALIGN (0x4)

.init_array     0x0800f24c        0x4
                0x0800f24c                        . = ALIGN (0x4)
                0x0800f24c                        PROVIDE (__init_array_start = .)
 *(SORT_BY_NAME(.init_array.*))
 *(.init_array*)
 .init_array    0x0800f24c        0x4 /opt/st/stm32cubeide_2.0.0/plugins/com.st.stm32cube.ide.mcu.externaltools.gnu-tools-for-stm32.13.3.rel1.linux64_1.0.100.202509120712/tools/bin/../lib/gcc/arm-none-eabi/13.3.1/thumb/v6-m/nofp/crtbegin.o
                0x0800f250                        PROVIDE (__init_array_end = .)
                0x0800f250                        . = ALIGN (0x4)

.fini_array     0x0800f250        0x4
                0x0800f250                        . = ALIGN (0x4)
                [!provide]                        PROVIDE (__fini_array_start = .)
 *(SORT_BY_NAME(.fini_array.*))
 *(.fini_array*)
 .fini_array    0x0800f250        0x4 /opt/st/stm32cubeide_2.0.0/plugins/com.st.stm32cube.ide.mcu.externaltools.gnu-tools-for-stm32.13.3.rel1.linux64_1.0.100.202509120712/tools/bin/../lib/gcc/arm-none-eabi/13.3.1/thumb/v6-m/nofp/crtbegin.o
                [!provide]                        PROVIDE (__fini_array_end = .)
                0x0800f254                        . = ALIGN (0x4)
                0x0800f254                        _sidata = LOADADDR (.data)

.rel.dyn        0x0800f254        0x0
 .rel.iplt      0x0800f254        0x0 /opt/st/stm32cubeide_2.0.0/plugins/com.st.stm32cube.ide.mcu.externaltools.gnu-tools-for-stm32.13.3.rel1.linux64_1.0.100.202509120712/tools/bin/../lib/gcc/arm-none-eabi/13.3.1/thumb/v6-m/nofp/crtbegin.o

.data           0x20000000      0x20c load address 0x0800f254
                0x20000000                        . = ALIGN (0x4)
                0x20000000                        _sdata = .
 *(.data)
 *(.data*)
 .data.hServo1  0x20000000        0xc ./Core/Src/app_main.o
 .data.hMotor1  0x2000000c       0x1c ./Core/Src/app_main.o
 .data.cs_accel
                0x20000028        0x8 ./Core/Src/driver_ins.o
 .data.cs_gyro  0x20000030        0x8 ./Core/Src/driver_ins.o
 .data.SystemCoreClock
                0x20000038        0x4 ./Core/Src/system_stm32g0xx.o
                0x20000038                SystemCoreClock
 .data.uwTickPrio
                0x2000003c        0x4 ./Drivers/STM32G0xx_HAL_Driver/Src/stm32g0xx_hal.o
                0x2000003c                uwTickPrio
 .data.uwTickFreq
                0x20000040        0x1 ./Drivers/STM32G0xx_HAL_Driver/Src/stm32g0xx_hal.o
                0x20000040                uwTickFreq
 *fill*         0x20000041        0x3 
 .data.__sglue  0x20000044        0xc /opt/st/stm32cubeide_2.0.0/plugins/com.st.stm32cube.ide.mcu.externaltools.gnu-tools-for-stm32.13.3.rel1.linux64_1.0.100.202509120712/tools/bin/../lib/gcc/arm-none-eabi/13.3.1/../../../../arm-none-eabi/lib/thumb/v6-m/nofp/libc_nano.a(libc_a-findfp.o)
                0x20000044                __sglue
 .data._impure_ptr
                0x20000050        0x4 /opt/st/stm32cubeide_2.0.0/plugins/com.st.stm32cube.ide.mcu.externaltools.gnu-tools-for-stm32.13.3.rel1.linux64_1.0.100.202509120712/tools/bin/../lib/gcc/arm-none-eabi/13.3.1/../../../../arm-none-eabi/lib/thumb/v6-m/nofp/libc_nano.a(libc_a-impure.o)
                0x20000050                _impure_ptr
 .data._impure_data
                0x20000054       0x4c /opt/st/stm32cubeide_2.0.0/plugins/com.st.stm32cube.ide.mcu.externaltools.gnu-tools-for-stm32.13.3.rel1.linux64_1.0.100.202509120712/tools/bin/../lib/gcc/arm-none-eabi/13.3.1/../../../../arm-none-eabi/lib/thumb/v6-m/nofp/libc_nano.a(libc_a-impure.o)
                0x20000054                _impure_data
 .data.__global_locale
                0x200000a0      0x16c /opt/st/stm32cubeide_2.0.0/plugins/com.st.stm32cube.ide.mcu.externaltools.gnu-tools-for-stm32.13.3.rel1.linux64_1.0.100.202509120712/tools/bin/../lib/gcc/arm-none-eabi/13.3.1/../../../../arm-none-eabi/lib/thumb/v6-m/nofp/libc_nano.a(libc_a-locale.o)
                0x200000a0                __global_locale
 *(.RamFunc)
 *(.RamFunc*)
                0x2000020c                        . = ALIGN (0x4)
                0x2000020c                        _edata = .

.igot.plt       0x2000020c        0x0 load address 0x0800f460
 .igot.plt      0x2000020c        0x0 /opt/st/stm32cubeide_2.0.0/plugins/com.st.stm32cube.ide.mcu.externaltools.gnu-tools-for-stm32.13.3.rel1.linux64_1.0.100.202509120712/tools/bin/../lib/gcc/arm-none-eabi/13.3.1/thumb/v6-m/nofp/crtbegin.o
                0x2000020c                        . = ALIGN (0x4)

.bss            0x2000020c      0xdb4 load address 0x0800f460
                0x2000020c                        _sbss = .
                0x2000020c                        __bss_start__ = _sbss
 *(.bss)
 .bss           0x2000020c       0x1c /opt/st/stm32cubeide_2.0.0/plugins/com.st.stm32cube.ide.mcu.externaltools.gnu-tools-for-stm32.13.3.rel1.linux64_1.0.100.202509120712/tools/bin/../lib/gcc/arm-none-eabi/13.3.1/thumb/v6-m/nofp/crtbegin.o
 *(.bss*)
 .bss.hSpeedo   0x20000228       0x10 ./Core/Src/app_main.o
                0x20000228                hSpeedo
 .bss.last_cmd_time_ms
                0x20000238        0x4 ./Core/Src/app_main.o
 .bss.last_motor_us
                0x2000023c        0x4 ./Core/Src/app_main.o
 .bss.last_telemetry_us
                0x20000240        0x4 ./Core/Src/app_main.o
 .bss.last_speed_us
                0x20000244        0x4 ./Core/Src/app_main.o
 .bss.speed_speedo_data
                0x20000248        0x4 ./Core/Src/app_main.o
                0x20000248                speed_speedo_data
 .bss.tim3_overflow_cnt
                0x2000024c        0x4 ./Core/Src/app_main.o
                0x2000024c                tim3_overflow_cnt
 .bss.bmi088_dev
                0x20000250       0x38 ./Core/Src/driver_ins.o
 .bss.bmi088_hspi
                0x20000288        0x4 ./Core/Src/driver_ins.o
 .bss.rx_chunk  0x2000028c      0x100 ./Core/Src/serial.o
 .bss.rx_ring   0x2000038c      0x400 ./Core/Src/serial.o
 .bss.rx_head   0x2000078c        0x4 ./Core/Src/serial.o
 .bss.rx_tail   0x20000790        0x4 ./Core/Src/serial.o
 .bss.tx_ring   0x20000794      0x400 ./Core/Src/serial.o
 .bss.tx_head   0x20000b94        0x4 ./Core/Src/serial.o
 .bss.tx_tail   0x20000b98        0x4 ./Core/Src/serial.o
 .bss.tx_busy   0x20000b9c        0x1 ./Core/Src/serial.o
 *fill*         0x20000b9d        0x1 
 .bss.old_pos.0
                0x20000b9e        0x2 ./Core/Src/serial.o
 .bss.parser_state
                0x20000ba0        0x1 ./Core/Src/serial_cmd.o
                0x20000ba0                parser_state
 .bss.st        0x20000ba1        0x1 ./Core/Src/serial_cmd.o
 .bss.hdr       0x20000ba2        0x1 ./Core/Src/serial_cmd.o
 .bss.d0        0x20000ba3        0x1 ./Core/Src/serial_cmd.o
 .bss.d1        0x20000ba4        0x1 ./Core/Src/serial_cmd.o
 .bss.shadow_servo_cmd
                0x20000ba5        0x1 ./Core/Src/serial_cmd.o
                0x20000ba5                shadow_servo_cmd
 .bss.shadow_motor_cmd
                0x20000ba6        0x2 ./Core/Src/serial_cmd.o
                0x20000ba6                shadow_motor_cmd
 .bss.frame.0   0x20000ba8       0x25 ./Core/Src/serial_cmd.o
 *fill*         0x20000bcd        0x3 
 .bss.hspi1     0x20000bd0       0x64 ./Core/Src/spi.o
                0x20000bd0                hspi1
 .bss.__sbrk_heap_end
                0x20000c34        0x4 ./Core/Src/sysmem.o
 .bss.htim1     0x20000c38       0x4c ./Core/Src/tim.o
                0x20000c38                htim1
 .bss.htim2     0x20000c84       0x4c ./Core/Src/tim.o
                0x20000c84                htim2
 .bss.htim4     0x20000cd0       0x4c ./Core/Src/tim.o
                0x20000cd0                htim4
 .bss.huart2    0x20000d1c       0x94 ./Core/Src/usart.o
                0x20000d1c                huart2
 .bss.hdma_usart2_rx
                0x20000db0       0x60 ./Core/Src/usart.o
                0x20000db0                hdma_usart2_rx
 .bss.hdma_usart2_tx
                0x20000e10       0x60 ./Core/Src/usart.o
                0x20000e10                hdma_usart2_tx
 .bss.uwTick    0x20000e70        0x4 ./Drivers/STM32G0xx_HAL_Driver/Src/stm32g0xx_hal.o
                0x20000e70                uwTick
 .bss.__sf      0x20000e74      0x138 /opt/st/stm32cubeide_2.0.0/plugins/com.st.stm32cube.ide.mcu.externaltools.gnu-tools-for-stm32.13.3.rel1.linux64_1.0.100.202509120712/tools/bin/../lib/gcc/arm-none-eabi/13.3.1/../../../../arm-none-eabi/lib/thumb/v6-m/nofp/libc_nano.a(libc_a-findfp.o)
                0x20000e74                __sf
 .bss.__stdio_exit_handler
                0x20000fac        0x4 /opt/st/stm32cubeide_2.0.0/plugins/com.st.stm32cube.ide.mcu.externaltools.gnu-tools-for-stm32.13.3.rel1.linux64_1.0.100.202509120712/tools/bin/../lib/gcc/arm-none-eabi/13.3.1/../../../../arm-none-eabi/lib/thumb/v6-m/nofp/libc_nano.a(libc_a-findfp.o)
                0x20000fac                __stdio_exit_handler
 .bss.errno     0x20000fb0        0x4 /opt/st/stm32cubeide_2.0.0/plugins/com.st.stm32cube.ide.mcu.externaltools.gnu-tools-for-stm32.13.3.rel1.linux64_1.0.100.202509120712/tools/bin/../lib/gcc/arm-none-eabi/13.3.1/../../../../arm-none-eabi/lib/thumb/v6-m/nofp/libc_nano.a(libc_a-reent.o)
                0x20000fb0                errno
 .bss.__lock___malloc_recursive_mutex
                0x20000fb4        0x1 /opt/st/stm32cubeide_2.0.0/plugins/com.st.stm32cube.ide.mcu.externaltools.gnu-tools-for-stm32.13.3.rel1.linux64_1.0.100.202509120712/tools/bin/../lib/gcc/arm-none-eabi/13.3.1/../../../../arm-none-eabi/lib/thumb/v6-m/nofp/libc_nano.a(libc_a-lock.o)
                0x20000fb4                __lock___malloc_recursive_mutex
 .bss.__lock___sfp_recursive_mutex
                0x20000fb5        0x1 /opt/st/stm32cubeide_2.0.0/plugins/com.st.stm32cube.ide.mcu.externaltools.gnu-tools-for-stm32.13.3.rel1.linux64_1.0.100.202509120712/tools/bin/../lib/gcc/arm-none-eabi/13.3.1/../../../../arm-none-eabi/lib/thumb/v6-m/nofp/libc_nano.a(libc_a-lock.o)
                0x20000fb5                __lock___sfp_recursive_mutex
 *fill*         0x20000fb6        0x2 
 .bss.__malloc_sbrk_start